******************************************************************************
                  TI ARM Linker PC v20.2.1                     
******************************************************************************
>> Linked Thu Dec 10 22:14:25 2020

OUTPUT FILE NAME:   <collector_CC1352R1_LAUNCHXL_tirtos_ccs.out>
ENTRY POINT SYMBOL: "ResetISR"  address: 00011b61


MEMORY CONFIGURATION

         name            origin    length      used     unused   attr    fill
----------------------  --------  ---------  --------  --------  ----  --------
  FLASH                 00000000   0004e000  00016d6c  00037294  R  X
  FLASH_NV              0004e000   00008000  00008000  00000000  RW X
  FLASH_LAST            00056000   00002000  00002000  00000000  R  X
  SRAM                  20000000   00014000  000044ad  0000fb53  RW X


SEGMENT ALLOCATION MAP

run origin  load origin   length   init length attrs members
----------  ----------- ---------- ----------- ----- -------
00000000    00000000    00016d70   00016d70    r-x
  00000000    00000000    0000003c   0000003c    r-- .resetVecs
  0000003c    0000003c    000020c4   000020c4    r-- .const
  00002100    00002100    0001479c   0001479c    r-x .text.1
  000168a0    000168a0    000004d0   000004d0    r-- .cinit
0004e000    0004e000    00008000   00000000    rw-
  0004e000    0004e000    00008000   00000000    rw- .TI.bound:flashBuf0
00056000    00056000    00002000   00002000    r-x
  00056000    00056000    00001fa8   00001fa8    r-x .text.2
  00057fa8    00057fa8    00000058   00000058    r-- .ccfg
20000100    20000100    00003e79   00000000    rw-
  20000100    20000100    00000004   00000000    rw- .data:xdcRomConstPtr
  20000104    20000104    00000004   00000000    rw- .data:xdcRomExternFuncPtr
  20000108    20000108    00000004   00000000    rw- .data:xdcRomStatePtr
  2000010c    2000010c    00000010   00000000    rw- .data:RAM_MAC_BASE_ADDR
  20000120    20000120    000028f1   00000000    rw- .data
  20002a18    20002a18    00001561   00000000    rw- .bss
20013aa0    20013aa0    00000560   00000000    rw-
  20013aa0    20013aa0    00000560   00000000    rw- .stack


SECTION ALLOCATION MAP

 output                                  attributes/
section   page    origin      length       input sections
--------  ----  ----------  ----------   ----------------
.const     0    0000003c    000020c4     
                  0000003c    00000568     maclib_secure_cc13x2.a : hmac_rom_init.obj (.const:HMAC_ROM_Flash_JT)
                  000005a4    000003b8     app_pem4f.oem4f (.const:ROM_constStruct)
                  0000095c    00000258     maclib_secure_cc13x2.a : fh_rom_init.obj (.const:FH_ROM_Flash_JT)
                  00000bb4    000001f0     rf_multiMode_cc13x2.aem4f : rf_patch_cpe_prop.c.cc13x2.ccs.o (.const:patchImageProp)
                  00000da4    00000188     <whole-program> (.const:.string)
                  00000f2c    00000101     rtsv7M4_T_le_v4SPD16_eabi.lib : ctype.c.obj (.const:.string:_ctypes_)
                  0000102d    00000100     crc.obj (.const:.string:crc_table$13)
                  0000112d    000000fa     maclib_secure_cc13x2.a : fh_global.obj (.const:FH_stateMatrix)
                  00001227    000000f8     mac_cfg.obj (.const:macPibTbl)
                  0000131f    00000001     ti_drivers_config.obj (.const:aesccmCC26XXHWAttrs)
                  00001320    000000cc     maclib_secure_cc13x2.a : lmac_rom_init.obj (.const:LMAC_ROM_Flash_JT)
                  000013ec    000000ac     ti_radio_config.obj (.const:$O3$$)
                  00001498    0000008c     mac_cfg.obj (.const:FHPIB_defaults)
                  00001524    00000088     mac_cfg.obj (.const:macPibDefaults)
                  000015ac    00000080     drivers_cc13x2.a : Random.oem4f (.const:$P$T0$1)
                  0000162c    00000078     cllc.obj (.const:$O8$$)
                  000016a4    00000072     maclib_secure_cc13x2.a : hmac_global.obj (.const:macAssociatingSt)
                  00001716    00000072                            : hmac_global.obj (.const:macIdleSt)
                  00001788    00000072                            : hmac_global.obj (.const:macPollingSt)
                  000017fa    00000072                            : hmac_global.obj (.const:macScanningSt)
                  0000186c    00000072                            : hmac_global.obj (.const:macStartingSt)
                  000018de    00000002     ti_drivers_config.obj (.const:ButtonHWAttrs)
                  000018e0    0000006c     maclib_secure_cc13x2.a : icall_osal_rom_init.obj (.const:ICALL_OSAL_ROM_Flash_JT)
                  0000194c    0000006c     mac_user_config.obj (.const:macRfDriverTable)
                  000019b8    00000058     mac_cfg.obj (.const:macSecurityPibTbl)
                  00001a10    00000054     drivers_cc13x2.a : PowerCC26X2.oem4f (.const:resourceDB)
                  00001a64    00000050     mac_cfg.obj (.const:macMRFSKStdPhyTable)
                  00001ab4    00000048     app_pem4f.oem4f (.const:.string)
                  00001afc    00000048     app_pem4f.oem4f (.const:ROM_externFuncPtrs)
                  00001b44    00000040     mac_user_config.obj (.const:macCryptoDriverTable)
                  00001b84    00000040     maclib_secure_cc13x2.a : hmac_global.obj (.const:macTimerRolloverValue)
                  00001bc4    00000038     ti_drivers_config.obj (.const:$O1$$)
                  00001bfc    00000038     maclib_secure_cc13x2.a : hmac_global.obj (.const:macCmdIncludeFHIe)
                  00001c34    00000028     drivers_cc13x2.a : NVSCC26XX.oem4f (.const:NVSCC26XX_fxnTable)
                  00001c5c    00000028                      : UARTCC26XX.oem4f (.const:UARTCC26XX_fxnTable)
                  00001c84    00000028     app_pem4f.oem4f (.const:ti_sysbios_heaps_HeapCallback_Module__FXNS__C)
                  00001cac    00000028     ti_drivers_config.obj (.const:uartCC26XXHWAttrs)
                  00001cd4    00000028     app_pem4f.oem4f (.const:xdc_runtime_Startup_sfxnTab__A)
                  00001cfc    00000024     cui.obj (.const:$O10$$)
                  00001d20    00000024     drivers_cc13x2.a : UART.oem4f (.const:UART_defaultParams)
                  00001d44    00000024     app_pem4f.oem4f (.const:ti_sysbios_gates_GateMutexPri_Module__FXNS__C)
                  00001d68    00000020     mac_user_config.obj (.const:$P$T0$1$12)
                  00001d88    00000020     rf_multiMode_cc13x2.aem4f : RFCC26X2_multiMode.c.cc13x2.ccs.o (.const:RF_defaultParams)
                  00001da8    00000020     cllc.obj (.const:keyDeviceList$5)
                  00001dc8    00000020     app_pem4f.oem4f (.const:ti_sysbios_gates_GateMutexPri_Object__DESC__C)
                  00001de8    00000020     app_pem4f.oem4f (.const:ti_sysbios_heaps_HeapCallback_Object__DESC__C)
                  00001e08    0000001c     CC1352R1_LAUNCHXL_fxns.obj (.const:$O1$$)
                  00001e24    0000001c     app_pem4f.oem4f (.const:ti_sysbios_heaps_HeapCallback_Object__PARAMS__C)
                  00001e40    00000018     csf.obj (.const:$O6$$)
                  00001e58    00000018     drivers_cc13x2.a : PWM.oem4f (.const:PWM_defaultParams)
                  00001e70    00000018                      : GPIOCC26XX.oem4f (.const:interruptType)
                  00001e88    00000018     maclib_secure_cc13x2.a : hmac_global.obj (.const:macSendMsgBufSize)
                  00001ea0    00000018     app_pem4f.oem4f (.const:ti_sysbios_gates_GateMutexPri_Object__PARAMS__C)
                  00001eb8    00000014     ti_drivers_config.obj (.const:GPIOCC26XX_config)
                  00001ecc    00000014     ti_drivers_config.obj (.const:PowerCC26X2_config)
                  00001ee0    00000014     drivers_cc13x2.a : UARTCC26XX.oem4f (.const:parityType)
                  00001ef4    00000014     app_pem4f.oem4f (.const:xdc_runtime_Startup_sfxnRts__A)
                  00001f08    00000013     macTask.obj (.const:.string:msacbackSizeTable)
                  00001f1b    00000011     ti_drivers_config.obj (.const)
                  00001f2c    00000010     drivers_cc13x2.a : AESCCM.oem4f (.const:AESCCM_defaultParams)
                  00001f3c    00000010     ti_drivers_config.obj (.const:Button_config)
                  00001f4c    00000010     drivers_cc13x2.a : Button.oem4f (.const:Button_defaultParams)
                  00001f5c    00000010     ti_drivers_config.obj (.const:LED_config)
                  00001f6c    00000010     drivers_cc13x2.a : TRNG.oem4f (.const:TRNG_defaultParams)
                  00001f7c    00000010                      : UARTCC26XX.oem4f (.const:dataLength)
                  00001f8c    00000010     maclib_secure_cc13x2.a : hmac_global.obj (.const:macIEEEPhyTable)
                  00001f9c    00000010     drivers_cc13x2.a : GPIOCC26XX.oem4f (.const:outPinTypes)
                  00001fac    0000000e     maclib_secure_cc13x2.a : hmac_global.obj (.const:.string:macCmdBufSize)
                  00001fba    0000000e                            : hmac_global.obj (.const:.string:macTxFrameFailed)
                  00001fc8    0000000e                            : hmac_global.obj (.const:.string:macTxFrameSuccess)
                  00001fd6    00000002     cllc.obj (.const:keyUsageList$5)
                  00001fd8    0000000c     drivers_cc13x2.a : Random.oem4f (.const:$P$T1$2)
                  00001fe4    0000000c     maclib_secure_cc13x2.a : hmac_global.obj (.const:.string:macCbackEventTbl)
                  00001ff0    0000000c                            : hmac_global.obj (.const:.string:macSendMsgDataSize)
                  00001ffc    0000000c     ti_drivers_config.obj (.const:NVS_config)
                  00002008    0000000c     ti_drivers_config.obj (.const:RFCC26XX_hwAttrs)
                  00002014    0000000c     ti_drivers_config.obj (.const:UART_config)
                  00002020    0000000c     drivers_cc13x2.a : GPIOCC26XX.oem4f (.const:inPinTypes)
                  0000202c    0000000c                      : GPIOCC26XX.oem4f (.const:outPinStrengths)
                  00002038    0000000c     app_pem4f.oem4f (.const:xdc_runtime_Startup_firstFxns__A)
                  00002044    00000009     maclib_secure_cc13x2.a : hmac_global.obj (.const:.string:macCmdLen)
                  0000204d    00000001     app_pem4f.oem4f (.const:xdc_runtime_Text_charTab__A)
                  0000204e    00000002     --HOLE-- [fill = 0]
                  00002050    00000008     maclib_secure_cc13x2.a : mac_rx.obj (.const:$O21$$)
                  00002058    00000008     driverlib.lib : aux_sysif.obj (.const:$O29$$)
                  00002060    00000008     main.obj (.const:.string:dummyExtAddr$7)
                  00002068    00000008     maclib_secure_cc13x2.a : fh_global.obj (.const:.string:fhSupFrameTypes)
                  00002070    00000008                            : hmac_global.obj (.const:.string:macAuthTagLen)
                  00002078    00000008     ti_drivers_config.obj (.const:AESCCM_config)
                  00002080    00000008     drivers_cc13x2.a : LED.oem4f (.const:LED_defaultParams)
                  00002088    00000008     ti_drivers_config.obj (.const:PINCC26XX_hwAttrs)
                  00002090    00000008     rf_multiMode_cc13x2.aem4f : RFCC26X2_multiMode.c.cc13x2.ccs.o (.const:RFCC26XX_schedulerPolicy)
                  00002098    00000008     ti_drivers_config.obj (.const:nvsCC26XXHWAttrs)
                  000020a0    00000008     drivers_cc13x2.a : UARTCC26XX.oem4f (.const:stopBits)
                  000020a8    00000008     app_pem4f.oem4f (.const:ti_sysbios_family_arm_m3_Hwi_excHookFuncs__A)
                  000020b0    00000006     drivers_cc13x2.a : UARTCC26XX.oem4f (.const:.string:rxFifoBytes)
                  000020b6    00000006                      : UARTCC26XX.oem4f (.const:.string:rxFifoThreshold)
                  000020bc    00000006                      : UARTCC26XX.oem4f (.const:.string:txFifoBytes)
                  000020c2    00000006                      : UARTCC26XX.oem4f (.const:.string:txFifoThreshold)
                  000020c8    00000004     maclib_secure_cc13x2.a : hmac_global.obj (.const:.string:macKeySourceLen)
                  000020cc    00000004     ti_drivers_config.obj (.const:LEDHWAttrs)
                  000020d0    00000004     drivers_cc13x2.a : NVS.oem4f (.const:NVS_defaultParams)
                  000020d4    00000004     app_pem4f.oem4f (.const:ti_sysbios_gates_GateMutexPri_Instance_State_pendQ__O)
                  000020d8    00000004     app_pem4f.oem4f (.const:ti_sysbios_heaps_HeapCallback_Object__count__C)
                  000020dc    00000004     app_pem4f.oem4f (.const:ti_sysbios_heaps_HeapCallback_allocInstFxn__C)
                  000020e0    00000004     app_pem4f.oem4f (.const:ti_sysbios_heaps_HeapCallback_createInstFxn__C)
                  000020e4    00000004     app_pem4f.oem4f (.const:ti_sysbios_heaps_HeapCallback_deleteInstFxn__C)
                  000020e8    00000004     app_pem4f.oem4f (.const:ti_sysbios_heaps_HeapCallback_freeInstFxn__C)
                  000020ec    00000004     app_pem4f.oem4f (.const:ti_sysbios_heaps_HeapCallback_getStatsInstFxn__C)
                  000020f0    00000004     app_pem4f.oem4f (.const:ti_sysbios_heaps_HeapCallback_initInstFxn__C)
                  000020f4    00000004     app_pem4f.oem4f (.const:ti_sysbios_heaps_HeapCallback_isBlockingInstFxn__C)
                  000020f8    00000004     app_pem4f.oem4f (.const:ti_sysbios_knl_Clock_tickPeriod__C)
                  000020fc    00000004     app_pem4f.oem4f (.const:ti_sysbios_knl_Idle_funcList__A)

.cinit     0    000168a0    000004d0     
                  000168a0    0000046b     (.cinit..data.load) [load image, compression = lzss]
                  00016d0b    00000001     --HOLE-- [fill = 0]
                  00016d0c    0000000c     (__TI_handler_table)
                  00016d18    00000008     (.cinit..bss.load) [load image, compression = zero_init]
                  00016d20    00000008     (.cinit..data:RAM_MAC_BASE_ADDR.load) [load image, compression = zero_init]
                  00016d28    00000008     (.cinit..data:xdcRomConstPtr.load) [load image, compression = lzss]
                  00016d30    00000008     (.cinit..data:xdcRomExternFuncPtr.load) [load image, compression = lzss]
                  00016d38    00000008     (.cinit..data:xdcRomStatePtr.load) [load image, compression = lzss]
                  00016d40    00000030     (__TI_cinit_table)

.init_array 
*          0    00000000    00000000     UNINITIALIZED

.TI.bound:flashBuf0 
*          0    0004e000    00008000     UNINITIALIZED
                  0004e000    00008000     ti_drivers_config.obj (.TI.bound:flashBuf0)

.ccfg      0    00057fa8    00000058     
                  00057fa8    00000058     ti_devices_config.obj (.ccfg:retain)

.data:xdcRomConstPtr 
*          0    20000100    00000004     UNINITIALIZED
                  20000100    00000004     app_pem4f.oem4f (.data:xdcRomConstPtr)

.data:xdcRomExternFuncPtr 
*          0    20000104    00000004     UNINITIALIZED
                  20000104    00000004     app_pem4f.oem4f (.data:xdcRomExternFuncPtr)

.data:xdcRomStatePtr 
*          0    20000108    00000004     UNINITIALIZED
                  20000108    00000004     app_pem4f.oem4f (.data:xdcRomStatePtr)

.data      0    20000120    000028f1     UNINITIALIZED
                  20000120    000008c4     macTask.obj (.data:$O13$$)
                  200009e4    000006c4     main.obj (.data:$O11$$)
                  200010a8    00000504     cui.obj (.data:$O9$$)
                  200015ac    00000338     cllc.obj (.data:$O7$$)
                  200018e4    000001b4     csf.obj (.data:$O5$$)
                  20001a98    000001b0     mac_settings.obj (.data:$O14$$)
                  20001c48    0000018c     maclib_osal_tirtos_cc13x2_26x2.a : osal_port.obj (.data:$O25$$)
                  20001dd4    00000170     drivers_cc13x2.a : PowerCC26X2.oem4f (.data:PowerCC26X2_module)
                  20001f44    0000010c     app_pem4f.oem4f (.data:ROM_stateStruct)
                  20002050    000000c4     collector.obj (.data:$O4$$)
                  20002114    00000004     maclib_secure_cc13x2.a : mac_autopend.obj (.data:$O18$$)
                  20002118    000000a8                            : mac.obj (.data:$O17$$)
                  200021c0    000000a0     mac_cfg.obj (.data:macMRFSKGenPhyTable)
                  20002260    00000078     nvocmp.obj (.data:$O15$$)
                  200022d8    00000074     ti_radio_config.obj (.data:$O2$$)
                  2000234c    0000006c     maclib_secure_cc13x2.a : hmac_global.obj (.data:fhObject)
                  200023b8    00000058     csf.obj (.data:appSubMenu)
                  20002410    00000054     maclib_secure_cc13x2.a : fh_global.obj (.data:FHIE_channelPlan)
                  20002464    0000004c     app_pem4f.oem4f (.data:ti_sysbios_knl_Task_Object__table__V)
                  200024b0    00000048     app_pem4f.oem4f (.data:ti_sysbios_family_arm_cc26xx_Timer_Object__table__V)
                  200024f8    00000040     maclib_secure_cc13x2.a : mac_radio.obj (.data:$O19$$)
                  20002538    00000040     csf.obj (.data:commissionSubMenu)
                  20002578    00000040     csf.obj (.data:configureSubMenu)
                  200025b8    00000040     csf.obj (.data:csfMainMenu)
                  200025f8    00000038     app_pem4f.oem4f (.data:ti_sysbios_gates_GateMutex_Object__table__V)
                  20002630    00000034     api_mac.obj (.data:$O12$$)
                  20002664    00000034     maclib_secure_cc13x2.a : hmac_global.obj (.data:macBeaconPayload)
                  20002698    00000030                            : hmac_global.obj (.data)
                  200026c8    00000030     app_pem4f.oem4f (.data:ti_sysbios_knl_Swi_Module_State_0_readyQ__A)
                  200026f8    00000030     app_pem4f.oem4f (.data:ti_sysbios_knl_Swi_Object__table__V)
                  20002728    00000030     app_pem4f.oem4f (.data:ti_sysbios_knl_Task_Module_State_0_readyQ__A)
                  20002758    00000028     maclib_secure_cc13x2.a : mac_symbol_timer.obj (.data:$O22$$)
                  20002780    00000028     ti_radio_config.obj (.data:pOverrides_2gfsk50kbps154g)
                  200027a8    00000024     maclib_secure_cc13x2.a : mac_tx.obj (.data:$O23$$)
                  200027cc    00000024     driverlib.lib : osc.obj (.data:$O27$$)
                  200027f0    00000024     maclib_secure_cc13x2.a : hmac_global.obj (.data:macActionSet)
                  20002814    00000004     drivers_cc13x2.a : GPIOCC26XX.oem4f (.data:gpioPinTable)
                  20002818    00000020                      : TRNGCC26XX.oem4f (.data:entropyPoolBuffer)
                  20002838    00000020     mac_cfg.obj (.data:macBeaconMargin)
                  20002858    00000020     app_pem4f.oem4f (.data:ti_sysbios_knl_Clock_Object__table__V)
                  20002878    00000020     app_pem4f.oem4f (.data:xdc_runtime_Error_IgnoreBlock)
                  20002898    00000018     app_pem4f.oem4f (.data:ti_sysbios_family_arm_m3_Hwi_Object__table__V)
                  200028b0    00000014     maclib_secure_cc13x2.a : mac_radio_tx.obj (.data:$O24$$)
                  200028c4    00000014                            : hmac_global.obj (.data:macStateTbl)
                  200028d8    00000010     maclib_osal_tirtos_cc13x2_26x2.a : osal_port_timers.obj (.data:$O26$$)
                  200028e8    00000010     ti_drivers_config.obj (.data:gpioCallbackFunctions)
                  200028f8    00000010     ti_drivers_config.obj (.data:gpioPinConfigs)
                  20002908    00000010     mac_cfg.obj (.data:macCfg)
                  20002918    0000000f     maclib_secure_cc13x2.a : mac.obj (.data)
                  20002927    00000001     drivers_cc13x2.a : AESCCMCC26XX.oem4f (.data)
                  20002928    0000000c     maclib_secure_cc13x2.a : mac_hl_patch.obj (.data:$O16$$)
                  20002934    0000000c                            : fh_global.obj (.data:FH_FSM)
                  20002940    0000000c     app_pem4f.oem4f (.data:ti_sysbios_heaps_HeapCallback_Object__table__V)
                  2000294c    00000008     rtsv7M4_T_le_v4SPD16_eabi.lib : _lock.c.obj (.data:$O30$$)
                  20002954    00000008     maclib_secure_cc13x2.a : fh_global.obj (.data:FH_txTiming)
                  2000295c    00000008     drivers_cc13x2.a : PINCC26XX.oem4f (.data)
                  20002964    00000008                      : TRNGCC26XX.oem4f (.data:jobList)
                  2000296c    00000008     app_pem4f.oem4f (.data:ti_sysbios_family_arm_m3_Hwi_Module__root__V)
                  20002974    00000008     app_pem4f.oem4f (.data:ti_sysbios_gates_GateHwi_Module__root__V)
                  2000297c    00000008     app_pem4f.oem4f (.data:ti_sysbios_gates_GateMutexPri_Module__root__V)
                  20002984    00000008     app_pem4f.oem4f (.data:ti_sysbios_gates_GateMutex_Module__root__V)
                  2000298c    00000008     app_pem4f.oem4f (.data:ti_sysbios_hal_Hwi_Module__root__V)
                  20002994    00000008     app_pem4f.oem4f (.data:ti_sysbios_heaps_HeapCallback_Module__root__V)
                  2000299c    00000008     app_pem4f.oem4f (.data:ti_sysbios_heaps_HeapMem_Module__root__V)
                  200029a4    00000008     app_pem4f.oem4f (.data:ti_sysbios_knl_Clock_Module__root__V)
                  200029ac    00000008     app_pem4f.oem4f (.data:ti_sysbios_knl_Event_Module__root__V)
                  200029b4    00000008     app_pem4f.oem4f (.data:ti_sysbios_knl_Mailbox_Module__root__V)
                  200029bc    00000008     app_pem4f.oem4f (.data:ti_sysbios_knl_Queue_Module__root__V)
                  200029c4    00000008     app_pem4f.oem4f (.data:ti_sysbios_knl_Semaphore_Module__root__V)
                  200029cc    00000008     app_pem4f.oem4f (.data:ti_sysbios_knl_Swi_Module__root__V)
                  200029d4    00000008     app_pem4f.oem4f (.data:ti_sysbios_knl_Task_Module__root__V)
                  200029dc    00000005     drivers_cc13x2.a : GPIOCC26XX.oem4f (.data)
                  200029e1    00000001                      : NVS.oem4f (.data)
                  200029e2    00000005                      : TemperatureCC26X2.oem4f (.data)
                  200029e7    00000004     maclib_secure_cc13x2.a : fh_global.obj (.data:macAddrSize)
                  200029eb    00000001     drivers_cc13x2.a : PWM.oem4f (.data)
                  200029ec    00000004     maclib_osal_tirtos_cc13x2_26x2.a : osal_port.obj (.data)
                  200029f0    00000004     maclib_secure_cc13x2.a : lmac_global.obj (.data)
                  200029f4    00000004     rtsv7M4_T_le_v4SPD16_eabi.lib : errno.c.obj (.data)
                  200029f8    00000004                                   : stkdepth_vars.c.obj (.data)
                  200029fc    00000004     app_pem4f.oem4f (.data:ti_sysbios_family_arm_m3_Hwi_Module_State_0_excContext__A)
                  20002a00    00000004     app_pem4f.oem4f (.data:ti_sysbios_family_arm_m3_Hwi_Module_State_0_excStack__A)
                  20002a04    00000004     app_pem4f.oem4f (.data:ti_sysbios_knl_Task_Module_State_0_idleTask__A)
                  20002a08    00000002     drivers_cc13x2.a : CryptoResourceCC26XX.oem4f (.data)
                  20002a0a    00000002                      : TRNGCC26XX.oem4f (.data)
                  20002a0c    00000002     app_pem4f.oem4f (.data:ti_sysbios_family_arm_m3_Hwi_Module_State_0_excActive__A)
                  20002a0e    00000001     drivers_cc13x2.a : UART.oem4f (.data)
                  20002a0f    00000001     maclib_secure_cc13x2.a : mac_sleep.obj (.data)
                  20002a10    00000001     rf_multiMode_cc13x2.aem4f : rf_patch_cpe_prop.c.cc13x2.ccs.o (.data)

.bss       0    20002a18    00001561     UNINITIALIZED
                  20002a18    000004f0     rf_multiMode_cc13x2.aem4f : RFCC26X2_multiMode.c.cc13x2.ccs.o (.bss:$O1$$)
                  20002f08    00000200     app_pem4f.oem4f (.bss:taskStackSection)
                  20003108    000001b4     (.common:uartCC26XXObjects)
                  200032bc    000000fc     (.common:enhancedAckBuf)
                  200033b8    000000f8     maclib_secure_cc13x2.a : mac_radio.obj (.bss:RF_object$20)
                  200034b0    000000d8     (.common:ti_sysbios_family_arm_m3_Hwi_dispatchTable)
                  20003588    000000b8     (.common:LEDObjects)
                  20003640    0000008c     (.common:FHPIB_db)
                  200036cc    00000088     (.common:FH_hnd)
                  20003754    00000088     (.common:macPib)
                  200037dc    0000007c     (.common:pinHandleTable)
                  20003858    0000007a     (.common:FHNT_tableOpt)
                  200038d2    00000001                            : mac_tx.obj (.bss)
                  200038d3    00000001     rf_multiMode_cc13x2.aem4f : RFCC26X2_multiMode.c.cc13x2.ccs.o (.bss)
                  200038d4    00000054     (.common:macScan)
                  20003928    00000050     drivers_cc13x2.a : PINCC26XX.oem4f (.bss:pinSemaphore)
                  20003978    00000050     (.common:ButtonObjects)
                  200039c8    00000050     (.common:CryptoResourceCC26XX_accessSemaphore)
                  20003a18    00000050     (.common:CryptoResourceCC26XX_operationSemaphore)
                  20003a68    0000004c     (.common:cuiMultiMenuData)
                  20003ab4    00000042     (.common:FHFSM_Dbg)
                  20003af6    00000001     (.common:driverlib_release_0_58048)
                  20003af7    00000001     (.common:macMgmt)
                  20003af8    00000040     (.common:macSecurityPib)
                  20003b38    0000003c     (.common:macBeaconCoord)
                  20003b74    00000038     (.common:FHNT_hnd)
                  20003bac    00000038     (.common:macDeviceAction1)
                  20003be4    00000034                      : PINCC26XX.oem4f (.bss:pinSwi)
                  20003c18    00000034     (.common:macBeaconDevice)
                  20003c4c    00000030     (.common:macMgmtAction1)
                  20003c7c    0000002c     (.common:macCoord)
                  20003ca8    0000002c     (.common:macDevice)
                  20003cd4    00000028     maclib_secure_cc13x2.a : mac_rx.obj (.bss:$O20$$)
                  20003cfc    00000020     drivers_cc13x2.a : GPIOCC26XX.oem4f (.bss:gpioCallbackInfo)
                  20003d1c    00000020                      : PINCC26XX.oem4f (.bss:pinGpioConfigTable)
                  20003d3c    00000020     ti_drivers_config.obj (.bss:uartCC26XXRingBuffer0)
                  20003d5c    00000020     (.common:macBeacon)
                  20003d7c    0000001c     drivers_cc13x2.a : TRNGCC26XX.oem4f (.bss:TRNGCC26XX_hwi)
                  20003d98    0000001c                      : TRNGCC26XX.oem4f (.bss:entropyPool)
                  20003db4    0000001c                      : PINCC26XX.oem4f (.bss:pinHwi)
                  20003dd0    0000001c     (.common:CryptoResourceCC26XX_hwi)
                  20003dec    0000001c     (.common:macCoordAction2)
                  20003e08    0000001c     (.common:macReset)
                  20003e24    00000018     (.common:aesccmCC26XXObjects)
                  20003e3c    00000018     (.common:macScanAction)
                  20003e54    00000014     rf_multiMode_cc13x2.aem4f : RFCC26X2_multiMode.c.cc13x2.ccs.o (.bss:RF_ratSyncCmd)
                  20003e68    00000014     drivers_cc13x2.a : Random.oem4f (.bss:state)
                  20003e7c    00000014     (.common:macDeviceAction2)
                  20003e90    00000014     (.common:macMgmtAction2)
                  20003ea4    00000010     (.common:macBeaconDeviceAction)
                  20003eb4    00000010     (.common:macCoordAction3)
                  20003ec4    00000010     (.common:macData)
                  20003ed4    00000010     (.common:macDataTxDelay)
                  20003ee4    0000000c                      : NVSCC26XX.oem4f (.bss)
                  20003ef0    0000000c                      : GPIOCC26XX.oem4f (.bss:gpioPinState)
                  20003efc    0000000c     (.common:FH_PibTbl)
                  20003f08    0000000c     (.common:macMain)
                  20003f14    00000008                      : GPIOCC26XX.oem4f (.bss)
                  20003f1c    00000008                      : TemperatureCC26X2.oem4f (.bss:notificationList)
                  20003f24    00000008     (.common:FHNT_tempTable)
                  20003f2c    00000008     (.common:macBeaconCoordAction1)
                  20003f34    00000008     (.common:macCoordAction1)
                  20003f3c    00000006     (.common:FHNT_Dbg)
                  20003f42    00000001     (.common:macPanCoordinator)
                  20003f43    00000001     (.common:macPhyChannel)
                  20003f44    00000004                      : PINCC26XX.oem4f (.bss)
                  20003f48    00000004     (.common:AESCCM_handle)
                  20003f4c    00000004     (.common:FH_test_var)
                  20003f50    00000004     (.common:PowerCC26XX_swiKey)
                  20003f54    00000004     (.common:PowerCC26XX_taskKey)
                  20003f58    00000004     (.common:macCryptoDrvTblPtr)
                  20003f5c    00000004     (.common:macRxSymbol)
                  20003f60    00000004     (.common:macTimerActive)
                  20003f64    00000004     (.common:nvsCC26XXObjects)
                  20003f68    00000004     (.common:timerAlignedQ)
                  20003f6c    00000004     (.common:timerUnalignedQ)
                  20003f70    00000001     (.common:macPwr)
                  20003f71    00000001     (.common:macRxActive)
                  20003f72    00000001     (.common:macRxEnableFlags)
                  20003f73    00000001     (.common:macRxOutgoingAckFlag)
                  20003f74    00000001     (.common:macSymbolTimerImpending)
                  20003f75    00000001     (.common:macTaskId)
                  20003f76    00000001     (.common:macTxActive)
                  20003f77    00000001     (.common:macUnitBackoffPeriod)
                  20003f78    00000001     (.common:rxFhRsl)

.vtable    0    20003f79    00000000     UNINITIALIZED

.vtable_ram 
*          0    20003f79    00000000     UNINITIALIZED

vtable_ram 
*          0    20003f79    00000000     UNINITIALIZED

.sysmem    0    20003f79    00000000     UNINITIALIZED

.nonretenvar 
*          0    20003f79    00000000     UNINITIALIZED

.stack     0    20013aa0    00000560     UNINITIALIZED
                  20013aa0    00000560     --HOLE--

.bootVecs 
*          0    00000000    00000008     DSECT
                  00000000    00000008     boot.aem4f : boot.oem4f (.bootVecs)

.resetVecs 
*          0    00000000    0000003c     
                  00000000    0000003c     app_pem4f.oem4f (.resetVecs)

.vecs      0    20000000    000000d8     NOLOAD SECTION
                  20000000    000000d8     app_pem4f.oem4f (.vecs)

xdc.meta   0    00000000    00000121     COPY SECTION
                  00000000    00000121     app_pem4f.oem4f (xdc.meta)

xdc.noload 
*          0    00000000    00000000     COPY SECTION

.data:RAM_MAC_BASE_ADDR 
*          0    2000010c    00000010     UNINITIALIZED
                  2000010c    00000010     maclib_secure_cc13x2.a : rom_init_154.obj (.data:RAM_MAC_BASE_ADDR)

.text.1    0    00002100    0001479c     
                  00002100    00000434     nvocmp.obj (.text:NVOCMP_initNv$14)
                  00002534    000003f4     mac_user_config.obj (.text:rfSelect)
                  00002928    000003ee     csf.obj (.text:Csf_processEvents)
                  00002d16    00000002     rf_multiMode_cc13x2.aem4f : rfc.c.cc13x2.ccs.o (.text:NOROM_RFCCpePatchReset)
                  00002d18    000003c4     collector.obj (.text:processSensorData$3)
                  000030dc    000003b0     csf.obj (.text:Csf_init)
                  0000348c    000003a4     maclib_secure_cc13x2.a : mac.obj (.text:macRxCb)
                  00003830    0000036e     api_mac.obj (.text:processIncomingICallMsg$8)
                  00003b9e    00000002     rf_multiMode_cc13x2.aem4f : RFCC26X2_multiMode.c.cc13x2.ccs.o (.text:RF_defaultCallback)
                  00003ba0    00000354     maclib_secure_cc13x2.a : mac_rx.obj (.text:rxPayloadIsr$21)
                  00003ef4    00000310                            : mac_radio_tx.obj (.text:macRadioCsmaTxCb)
                  00004204    000002c0     nvocmp.obj (.text:NVOCMP_compactPage$14)
                  000044c4    00000294     maclib_secure_cc13x2.a : mac_tx.obj (.text:macTxFrame)
                  00004758    00000280                            : mac_pwr.obj (.text:macPwrVote)
                  000049d8    00000274     nvocmp.obj (.text:NVOCMP_compact$14)
                  00004c4c    0000025c     maclib_secure_cc13x2.a : mac_tx.obj (.text:txCsmaPrep$24)
                  00004ea8    00000244     collector.obj (.text:dataIndCB$3)
                  000050ec    00000230     csf.obj (.text:setChMaskAction$4)
                  0000531c    0000021c     maclib_secure_cc13x2.a : mac.obj (.text:macSendReceiveCmdIeee)
                  00005538    00000218                            : mac_radio.obj (.text:macRadioInitSubG)
                  00005750    00000210     rf_multiMode_cc13x2.aem4f : RFCC26X2_multiMode.c.cc13x2.ccs.o (.text:RF_scheduleCmd)
                  00005960    0000020c     maclib_secure_cc13x2.a : mac.obj (.text:macSendReceiveCmdSubG)
                  00005b6c    00000208     nvocmp.obj (.text:NVOCMP_addItem$14)
                  00005d74    00000200     rf_multiMode_cc13x2.aem4f : RFCC26X2_multiMode.c.cc13x2.ccs.o (.text:RF_open)
                  00005f74    000001e0     maclib_secure_cc13x2.a : mac_hl_patch.obj (.text:macWrapperAddKeyInitFCtr)
                  00006154    000001d4     rf_multiMode_cc13x2.aem4f : RFCC26X2_multiMode.c.cc13x2.ccs.o (.text:RF_dispatchNextCmd)
                  00006328    000001cc     drivers_cc13x2.a : PINCC26XX.oem4f (.text:PIN_init)
                  000064f4    000001c8     csf.obj (.text:setNwkKeyAction$4)
                  000066bc    000001b4     maclib_secure_cc13x2.a : mac_radio_tx.obj (.text:macRadioTxAck$28)
                  00006870    000001ac                            : mac_hl_patch.obj (.text:macRxBeaconCritical)
                  00006a1c    000001a4                            : mac_hl_patch.obj (.text:macWrapperDeleteKeyAndAssociatedDevices)
                  00006bc0    00000198     drivers_cc13x2.a : PowerCC26X2.oem4f (.text:Power_sleep)
                  00006d58    00000198     maclib_secure_cc13x2.a : mac_hl_patch.obj (.text:macWrapperDeleteDevice)
                  00006ef0    00000190     drivers_cc13x2.a : PowerCC26X2_calibrateRCOSC.oem4f (.text:calibrateRcoscHf1)
                  00007080    0000018c     maclib_secure_cc13x2.a : mac_hl_patch.obj (.text:macIncomingFrameSecurity)
                  0000720c    0000018c     drivers_cc13x2.a : PowerCC26X2_calibrateRCOSC.oem4f (.text:runCalibrateFsm)
                  00007398    00000188     maclib_secure_cc13x2.a : mac_radio_tx.obj (.text:macRadioTxGoIeee$28)
                  00007520    00000186     drivers_cc13x2.a : Button.oem4f (.text:Button_clockTimeoutHandler)
                  000076a6    00000002     rtsv7M4_T_le_v4SPD16_eabi.lib : _lock.c.obj (.text:_nop)
                  000076a8    00000180     csf.obj (.text:setPanIdAction$4)
                  00007828    00000174     drivers_cc13x2.a : PowerCC26X2.oem4f (.text:Power_init)
                  0000799c    0000016c     maclib_secure_cc13x2.a : mac_radio_tx.obj (.text:macRadioTxPrepCsmaUnslotted)
                  00007b08    00000164     drivers_cc13x2.a : UARTCC26XX.oem4f (.text:UARTCC26XX_open)
                  00007c6c    00000164     maclib_secure_cc13x2.a : mac_hl_patch.obj (.text:macWrapperDeleteAllDevices)
                  00007dd0    00000164                            : mac_tx.obj (.text:txCsmaDelay)
                  00007f34    00000160     driverlib.lib : sys_ctrl.obj (.text:NOROM_SysCtrlStandby)
                  00008094    00000154     nvocmp.obj (.text:NVOCMP_findItem$14)
                  000081e8    00000154     rf_multiMode_cc13x2.aem4f : RFCC26X2_multiMode.c.cc13x2.ccs.o (.text:RF_radioOpDoneCb)
                  0000833c    00000154     drivers_cc13x2.a : UARTCC26XX.oem4f (.text:UARTCC26XX_hwiIntFxn)
                  00008490    00000148     rf_multiMode_cc13x2.aem4f : RFCC26X2_multiMode.c.cc13x2.ccs.o (.text:RF_fsmSetupState)
                  000085d8    00000148     collector.obj (.text:dataCnfCB$3)
                  00008720    00000148     maclib_secure_cc13x2.a : mac_radio_tx.obj (.text:macRadioLbtTxCb)
                  00008868    00000148     csf.obj (.text:sensorSelectAction$4)
                  000089b0    00000144     csf.obj (.text:updateCollectorStatusLine$4)
                  00008af4    00000140     drivers_cc13x2.a : AESCCMCC26XX.oem4f (.text:AESCCM_startOperation)
                  00008c34    00000140     rf_multiMode_cc13x2.aem4f : RFCC26X2_multiMode.c.cc13x2.ccs.o (.text:RF_close)
                  00008d74    0000013c                               : RFCC26X2_multiMode.c.cc13x2.ccs.o (.text:RF_ratSetupChannel)
                  00008eb0    0000013a     drivers_cc13x2.a : UARTCC26XX.oem4f (.text:UARTCC26XX_read)
                  00008fea    00000002                      : PowerCC26X2.oem4f (.text:emptyClockFunc)
                  00008fec    00000138     cui.obj (.text:CUI_dispMenu$6)
                  00009124    00000138     drivers_cc13x2.a : NVSCC26XX.oem4f (.text:NVSCC26XX_write)
                  0000925c    00000138     maclib_secure_cc13x2.a : mac_hl_patch.obj (.text:macBuildDataFrame)
                  00009394    00000134     rf_multiMode_cc13x2.aem4f : RFCC26X2_multiMode.c.cc13x2.ccs.o (.text:RF_abortCmd)
                  000094c8    00000134     collector.obj (.text:generateTrackingRequests$3)
                  000095fc    00000130     cui.obj (.text:CUI_init)
                  0000972c    00000130     maclib_secure_cc13x2.a : mac_radio.obj (.text:macRadioInitIeee)
                  0000985c    00000130     rtsv7M4_T_le_v4SPD16_eabi.lib : strtol.c.obj (.text:strtol)
                  0000998c    00000124     cui.obj (.text:CUI_statusLinePrintf)
                  00009ab0    00000120     csf.obj (.text:Csf_deviceUpdate)
                  00009bd0    00000120     drivers_cc13x2.a : PowerCC26X2.oem4f (.text:configureXOSCHF)
                  00009cf0    00000118     maclib_secure_cc13x2.a : mac_low_level.obj (.text:macLowLevelBufferInit)
                  00009e08    00000118                            : mac.obj (.text:macSetupRATChanCompare)
                  00009f20    00000118     csf.obj (.text:sensorSetReportInterval$4)
                  0000a038    00000114     macTask.obj (.text:MAC_CbackEvent)
                  0000a14c    00000112     rf_multiMode_cc13x2.aem4f : RFCC26X2_multiMode.c.cc13x2.ccs.o (.text:RF_decodeOverridePointers)
                  0000a25e    00000002     drivers_cc13x2.a : CryptoResourceCC26XX.oem4f (.text:errorSpin)
                  0000a260    00000110     cui.obj (.text:CUI_menuActionHelp)
                  0000a370    00000110     drivers_cc13x2.a : GPIOCC26XX.oem4f (.text:GPIO_setConfig)
                  0000a480    00000110                      : LED.oem4f (.text:LED_open)
                  0000a590    00000110     rf_multiMode_cc13x2.aem4f : RFCC26X2_multiMode.c.cc13x2.ccs.o (.text:RF_initRadioSetup)
                  0000a6a0    00000110     maclib_secure_cc13x2.a : mac_hl_patch.obj (.text:macEdScanISR)
                  0000a7b0    00000110                            : mac_hl_patch.obj (.text:macScanNextChan)
                  0000a8c0    00000106     app_pem4f.oem4f (.text:xdc_runtime_System_printfExtend__I)
                  0000a9c6    00000002     maclib_secure_cc13x2.a : mac_pwr.obj (.text:macApiPwrOnReq)
                  0000a9c8    00000104     rf_multiMode_cc13x2.aem4f : RFCC26X2_multiMode.c.cc13x2.ccs.o (.text:RF_hwiCpe0Active)
                  0000aacc    00000100     cui.obj (.text:CUI_statusLineResourceRequest)
                  0000abcc    000000fc     collector.obj (.text:Collector_init)
                  0000acc8    000000fc     maclib_secure_cc13x2.a : mac_hl_patch.obj (.text:macOutgoingFrameKeyDescRetrieval)
                  0000adc4    000000f8     drivers_cc13x2.a : PINCC26XX.oem4f (.text:PINCC26XX_setIoCfg)
                  0000aebc    000000f0     rf_multiMode_cc13x2.aem4f : RFCC26X2_multiMode.c.cc13x2.ccs.o (.text:RF_fsmPowerUpState)
                  0000afac    000000f0     maclib_secure_cc13x2.a : mac_hl_patch.obj (.text:macScanRxCoordRealign)
                  0000b09c    000000ec     nvocmp.obj (.text:NVOCMP_cleanPage$14)
                  0000b188    000000e8     drivers_cc13x2.a : Button.oem4f (.text:Button_open)
                  0000b270    000000e8     cui.obj (.text:CUI_writeString$6)
                  0000b358    000000e8     maclib_secure_cc13x2.a : mac.obj (.text:macSetupReceiveCmd)
                  0000b440    000000e4                            : mac_hl_patch.obj (.text:macOutgoingFrameSecurity)
                  0000b524    000000e4                            : mac_tx.obj (.text:macTxChannelBusyCallback)
                  0000b608    000000e4                            : mac_rx.obj (.text:rxPostRxUpdates$21)
                  0000b6ec    000000e0     collector.obj (.text:Collector_sendConfigRequest)
                  0000b7cc    000000e0     drivers_cc13x2.a : UARTCC26XX.oem4f (.text:UARTCC26XX_write)
                  0000b8ac    000000dc     maclib_secure_cc13x2.a : mac_hl_patch.obj (.text:macBuildHeaderIes)
                  0000b988    000000d8     rf_multiMode_cc13x2.aem4f : RFCC26X2_multiMode.c.cc13x2.ccs.o (.text:RF_control)
                  0000ba60    000000d8                               : RFCC26X2_multiMode.c.cc13x2.ccs.o (.text:RF_pendCmd)
                  0000bb38    000000d8     driverlib.lib : setup.obj (.text:TrimAfterColdResetWakeupFromShutDown$47)
                  0000bc10    000000d8     maclib_secure_cc13x2.a : mac_hl_patch.obj (.text:macCcmStarTransform)
                  0000bce8    000000d8     collector.obj (.text:sendMsg$3)
                  0000bdc0    000000d2     rf_multiMode_cc13x2.aem4f : RFCC26X2_multiMode.c.cc13x2.ccs.o (.text:RF_updatePaConfiguration)
                  0000be92    00000002     maclib_secure_cc13x2.a : mac_mcu.obj (.text:macMcuBitReverse)
                  0000be94    000000d0     rf_multiMode_cc13x2.aem4f : RFCC26X2_multiMode.c.cc13x2.ccs.o (.text:RF_swiHw)
                  0000bf64    000000cc     maclib_secure_cc13x2.a : mac_timer.obj (.text:macSymbolTimerTriggerCallback)
                  0000c030    000000c8     dpl_cc13x2.a : PowerCC26X2_tirtos.oem4f (.text:PowerCC26XX_standbyPolicy)
                  0000c0f8    000000c4     cllc.obj (.text:Cllc_removeDevice)
                  0000c1bc    000000c4     drivers_cc13x2.a : GPIOCC26XX.oem4f (.text:GPIO_init)
                  0000c280    000000c4     maclib_secure_cc13x2.a : mac_hl_patch.obj (.text:macApiStartReq)
                  0000c344    000000c0     nvocmp.obj (.text:NVOCMP_erase$14)
                  0000c404    000000c0     drivers_cc13x2.a : PowerCC26X2.oem4f (.text:Power_releaseDependency)
                  0000c4c4    000000c0                      : UARTCC26XX.oem4f (.text:UARTCC26XX_initIO)
                  0000c584    000000c0     maclib_secure_cc13x2.a : mac_hl_patch.obj (.text:macMgmtReset)
                  0000c644    000000bc                            : mac_hl_patch.obj (.text:macAutoPoll)
                  0000c700    000000bc                            : mac.obj (.text:macGetRFCmdDuration)
                  0000c7bc    000000b8     drivers_cc13x2.a : PowerCC26X2.oem4f (.text:Power_setDependency)
                  0000c874    000000b8                      : UARTCC26XX.oem4f (.text:UARTCC26XX_initHw)
                  0000c92c    000000b4     maclib_secure_cc13x2.a : mac_pwr.obj (.text:MAC_PwrOffReq)
                  0000c9e0    000000b4     drivers_cc13x2.a : TRNGCC26XX.oem4f (.text:TRNG_generateEntropy)
                  0000ca94    000000b4     cllc.obj (.text:assocIndCb$5)
                  0000cb48    000000b0     maclib_secure_cc13x2.a : mac_autopend.obj (.text:MAC_SrcMatchAddEntry)
                  0000cbf8    000000b0                            : mac.obj (.text:macStopCmd)
                  0000cca8    000000ac     nvocmp.obj (.text:NVOCMP_readContItemApi$14)
                  0000cd54    000000ac     drivers_cc13x2.a : PINCC26XX.oem4f (.text:PIN_open)
                  0000ce00    000000ac     maclib_secure_cc13x2.a : mac_hl_patch.obj (.text:macApiBeaconStartReq)
                  0000ceac    000000ac                            : mac_hl_patch.obj (.text:macBeaconCheckTxTime)
                  0000cf58    000000ac     macTask.obj (.text:macTaskInit)
                  0000d004    000000ac     api_mac.obj (.text:processBeaconNotifyInd$8)
                  0000d0b0    000000a8     driverlib.lib : setup.obj (.text:NOROM_SetupTrimDevice)
                  0000d158    000000a8     nvocmp.obj (.text:NVOCMP_initNvApi$14)
                  0000d200    000000a8     maclib_secure_cc13x2.a : mac_radio_tx.obj (.text:macRadioTxAckCb$28)
                  0000d2a8    000000a8                            : mac_hl_patch.obj (.text:macTrackTimeoutCallback)
                  0000d350    000000a4     rf_multiMode_cc13x2.aem4f : RFCC26X2_multiMode.c.cc13x2.ccs.o (.text:RF_ratRestartChannels)
                  0000d3f4    000000a4     maclib_secure_cc13x2.a : mac_hl_patch.obj (.text:macCcmStarInverseTransform)
                  0000d498    000000a4                            : mac_radio_tx.obj (.text:macRadioTxPrepLbt)
                  0000d53c    000000a4                            : mac_radio.obj (.text:macRadioUpdateTxPower)
                  0000d5e0    000000a0     rf_multiMode_cc13x2.aem4f : RFCC26X2_multiMode.c.cc13x2.ccs.o (.text:RF_requestAccess)
                  0000d680    000000a0     auto_init.aem4f : auto_init.oem4f (.text)
                  0000d720    000000a0     maclib_secure_cc13x2.a : mac_hl_patch.obj (.text:macBlacklistChecking)
                  0000d7c0    000000a0     rom_sysbios.aem4f : rom_sysbios.obj (.text:ti_sysbios_knl_Task_setPri__E)
                  0000d860    0000009c     cllc.obj (.text:Cllc_init)
                  0000d8fc    0000009c     nvocmp.obj (.text:NVOCMP_readHeader$14)
                  0000d998    0000009c     maclib_secure_cc13x2.a : mac_radio.obj (.text:macRadioStartScan)
                  0000da34    0000009c                            : mac_timer.obj (.text:macTimerRealign)
                  0000dad0    0000009c     rtsv7M4_T_le_v4SPD16_eabi.lib : memcpy_t2.asm.obj (.text)
                  0000db6c    0000009c     maclib_secure_cc13x2.a : mac_tx.obj (.text:txComplete)
                  0000dc08    00000098     nvocmp.obj (.text:NVOCMP_updateItemApi$14)
                  0000dca0    00000098     rf_multiMode_cc13x2.aem4f : RFCC26X2_multiMode.c.cc13x2.ccs.o (.text:RF_calculateDispatchTime)
                  0000dd38    00000098     drivers_cc13x2.a : UARTCC26XX.oem4f (.text:writeTxFifoFlush)
                  0000ddd0    00000096     rtsv7M4_T_le_v4SPD16_eabi.lib : ull_div_t2.asm.obj (.text)
                  0000de66    00000002     maclib_secure_cc13x2.a : mac_radio.obj (.text:macRadioSetRE)
                  0000de68    00000094     csf.obj (.text:Csf_updateFrameCounter)
                  0000defc    00000094     nvocmp.obj (.text:NVOCMP_getDstPage$14)
                  0000df90    00000094     rf_multiMode_cc13x2.aem4f : RFCC26X2_multiMode.c.cc13x2.ccs.o (.text:RF_getInfo)
                  0000e024    00000094     drivers_cc13x2.a : TRNGCC26XX.oem4f (.text:TRNGCC26XX_hwiFxn)
                  0000e0b8    00000094     maclib_secure_cc13x2.a : mac_hl_patch.obj (.text:macIncomingSecurityLevelChecking)
                  0000e14c    00000094                            : mac_radio.obj (.text:macRadioUpdateChannel)
                  0000e1e0    00000094                            : mac_radio.obj (.text:macRadioUpdateChannelRx)
                  0000e274    00000094                            : mac.obj (.text:macRatCb_A)
                  0000e308    00000094                            : mac.obj (.text:macSetupFsCmd)
                  0000e39c    00000092     drivers_cc13x2.a : UARTCC26XX.oem4f (.text:UARTCC26XX_writeCancel)
                  0000e42e    00000002     rtsv7M4_T_le_v4SPD16_eabi.lib : div0.asm.obj (.text)
                  0000e430    00000090     CC1352R1_LAUNCHXL_fxns.obj (.text:CC1352R1_LAUNCHXL_shutDownExtFlash)
                  0000e4c0    00000090     maclib_secure_cc13x2.a : mac_hl_patch.obj (.text:MAC_ResumeReq)
                  0000e550    00000090     rf_multiMode_cc13x2.aem4f : RFCC26X2_multiMode.c.cc13x2.ccs.o (.text:RF_discardPendCmd)
                  0000e5e0    00000090     maclib_secure_cc13x2.a : mac_hl_patch.obj (.text:macCcmDecrypt)
                  0000e670    00000090                            : mac_hl_patch.obj (.text:macTrackStartCallback)
                  0000e700    0000008c     maclib_osal_tirtos_cc13x2_26x2.a : osal_port.obj (.text:OsalPort_heapMalloc$41)
                  0000e78c    0000008c                                      : osal_port.obj (.text:OsalPort_setTimer)
                  0000e818    0000008c     api_mac.obj (.text:copyDataInd$8)
                  0000e8a4    0000008c     maclib_secure_cc13x2.a : mac_hl_patch.obj (.text:macCcmEncrypt)
                  0000e930    0000008c                            : mac_radio_tx.obj (.text:macRadioTxEnhAckCb)
                  0000e9bc    0000008c     rom_sysbios.aem4f : rom_sysbios.obj (.text:ti_sysbios_gates_GateMutexPri_enter__E)
                  0000ea48    00000088     maclib_secure_cc13x2.a : mac_autopend.obj (.text:MAC_SrcMatchEnable)
                  0000ead0    00000088     driverlib.lib : osc.obj (.text:NOROM_OSCHF_AttemptToSwitchToXosc)
                  0000eb58    00000088     nvocmp.obj (.text:NVOCMP_deleteItemApi$14)
                  0000ebe0    00000088     rf_multiMode_cc13x2.aem4f : RFCC26X2_multiMode.c.cc13x2.ccs.o (.text:RF_cmdDispatchTime)
                  0000ec68    00000088                               : RFCC26X2_multiMode.c.cc13x2.ccs.o (.text:RF_getTxPower)
                  0000ecf0    00000088     drivers_cc13x2.a : PowerCC26X2_calibrateRCOSC.oem4f (.text:calibrateRcoscHf2)
                  0000ed78    00000088                      : PowerCC26X2.oem4f (.text:disableLFClockQualifiers)
                  0000ee00    00000088     maclib_secure_cc13x2.a : mac_hl_patch.obj (.text:macKeyDescriptorLookup)
                  0000ee88    00000088                            : mac_mcu.obj (.text:macMcuOverflowSetPeriod)
                  0000ef10    00000088                            : mac_symbol_timer.obj (.text:macSymbolTimerInit)
                  0000ef98    00000088     drivers_cc13x2.a : PowerCC26X2_calibrateRCOSC.oem4f (.text:updateSubSecInc)
                  0000f020    00000084     api_mac.obj (.text:ApiMac_init)
                  0000f0a4    00000084     cllc.obj (.text:Cllc_securityInit)
                  0000f128    00000084     nvocmp.obj (.text:NVOCMP_createItemApi$14)
                  0000f1ac    00000084     rf_multiMode_cc13x2.aem4f : RFCC26X2_multiMode.c.cc13x2.ccs.o (.text:RF_issueRadioFreeCb)
                  0000f230    00000084                               : RFCC26X2_multiMode.c.cc13x2.ccs.o (.text:RF_verifyGap)
                  0000f2b4    00000084     drivers_cc13x2.a : UARTCC26XX.oem4f (.text:UARTCC26XX_close)
                  0000f338    00000084     maclib_secure_cc13x2.a : mac_rx_onoff.obj (.text:macRxOffRequest)
                  0000f3bc    00000084                            : mac_timer.obj (.text:macTimerUpdateSymbolTimer)
                  0000f440    00000080     drivers_cc13x2.a : NVSCC26XX.oem4f (.text:NVSCC26XX_open)
                  0000f4c0    00000080     cllc.obj (.text:beaconNotifyIndCb$5)
                  0000f540    00000080     maclib_secure_cc13x2.a : mac_mcu.obj (.text:macMcuOverflowSetCompare)
                  0000f5c0    00000080                            : mac_radio.obj (.text:macRadioWakeupCb)
                  0000f640    00000080                            : mac_autopend.obj (.text:macSrcMatchCheckSrcAddr$17)
                  0000f6c0    00000080     cllc.obj (.text:scanCnfCb$5)
                  0000f740    00000080     maclib_secure_cc13x2.a : mac_radio.obj (.text:scheduleNopWakeupCmd)
                  0000f7c0    00000080     rom_sysbios.aem4f : rom_sysbios.obj (.text:ti_sysbios_family_arm_cc26xx_Timer_start__E)
                  0000f840    00000080     maclib_secure_cc13x2.a : mac_tx.obj (.text:txGo$24)
                  0000f8c0    0000007c     csf.obj (.text:Csf_getDeviceItem)
                  0000f93c    0000007c     nvocmp.obj (.text:NVOCMP_readItemApi$14)
                  0000f9b8    0000007c     rf_multiMode_cc13x2.aem4f : RFCC26X2_multiMode.c.cc13x2.ccs.o (.text:RF_ratFreeChannel)
                  0000fa34    0000007c     maclib_secure_cc13x2.a : mac_rx_onoff.obj (.text:macRxOn)
                  0000fab0    0000007c     maclib_osal_tirtos_cc13x2_26x2.a : osal_port.obj (.text:osalHeapInitFxn)
                  0000fb2c    0000007a     rtsv7M4_T_le_v4SPD16_eabi.lib : memset_t2.asm.obj (.text)
                  0000fba6    00000002     app_pem4f.oem4f (.text:ti_sysbios_BIOS_nullFunc__I)
                  0000fba8    00000078     cllc.obj (.text:Cllc_restoreNetwork)
                  0000fc20    00000078     nvocmp.obj (.text:NVOCMP_checkItem$14)
                  0000fc98    00000078     maclib_secure_cc13x2.a : mac_timer.obj (.text:macTimerSetRollover)
                  0000fd10    00000074     csf.obj (.text:Csf_getDevice)
                  0000fd84    00000074     nvocmp.obj (.text:NVOCMP_writeItemApi$14)
                  0000fdf8    00000074     drivers_cc13x2.a : PowerCC26X2_calibrateRCOSC.oem4f (.text:PowerCC26X2_auxISR)
                  0000fe6c    00000074     rf_multiMode_cc13x2.aem4f : RFCC26X2_multiMode.c.cc13x2.ccs.o (.text:RF_yield)
                  0000fee0    00000074     drivers_cc13x2.a : TRNGCC26XX.oem4f (.text:TRNG_construct)
                  0000ff54    00000074     rom_sysbios.aem4f : rom_sysbios.obj (.text:ti_sysbios_gates_GateMutexPri_leave__E)
                  0000ffc8    00000072     rf_multiMode_cc13x2.aem4f : RFCC26X2_multiMode.c.cc13x2.ccs.o (.text:RF_detachOverrides)
                  0001003a    00000002     rom_sysbios.aem4f : rom_sysbios.obj (.text:ti_sysbios_heaps_HeapCallback_defaultDelete)
                  0001003c    00000070     drivers_cc13x2.a : AESCCMCC26XX.oem4f (.text:AESCCM_cleanup)
                  000100ac    00000070     rf_multiMode_cc13x2.aem4f : rfc.c.cc13x2.ccs.o (.text:NOROM_RFCAnaDivTxOverride)
                  0001011c    00000070     nvocmp.obj (.text:NVOCMP_eraseNvApi$14)
                  0001018c    00000070     drivers_cc13x2.a : PINCC26XX.oem4f (.text:PIN_add)
                  000101fc    00000070     rf_multiMode_cc13x2.aem4f : RFCC26X2_multiMode.c.cc13x2.ccs.o (.text:RF_ratDisableChannel)
                  0001026c    00000070     drivers_cc13x2.a : Random.oem4f (.text:Random_seedAutomatic)
                  000102dc    00000070     collector.obj (.text:cllcStartedCB$3)
                  0001034c    00000070     cllc.obj (.text:sendStartReq$5)
                  000103bc    0000006e     rf_multiMode_cc13x2.aem4f : RFCC26X2_multiMode.c.cc13x2.ccs.o (.text:RF_attachOverrides)
                  0001042a    0000006e                               : RFCC26X2_multiMode.c.cc13x2.ccs.o (.text:RF_howToSchedule)
                  00010498    0000006e     rtsv7M4_T_le_v4SPD16_eabi.lib : ll_div_t2.asm.obj (.text)
                  00010506    00000002     rom_sysbios.aem4f : rom_sysbios.obj (.text:xdc_runtime_SysCallback_defaultAbort)
                  00010508    0000006d                       : rom_sysbios.obj (.text:xdc_runtime_System_formatNum__I)
                  00010575    00000001     --HOLE-- [fill = 0]
                  00010576    00000002                       : rom_sysbios.obj (.text:xdc_runtime_SysCallback_defaultExit)
                  00010578    0000006c     csf.obj (.text:Csf_sendDisassociateMsg)
                  000105e4    0000006c     driverlib.lib : chipinfo.obj (.text:NOROM_ChipInfo_GetChipType)
                  00010650    0000006c     rf_multiMode_cc13x2.aem4f : RFCC26X2_multiMode.c.cc13x2.ccs.o (.text:RF_getCurrentTime)
                  000106bc    0000006c     maclib_secure_cc13x2.a : mac_radio_tx.obj (.text:macRadioTxBackoffBoundary)
                  00010728    0000006c                            : mac_hl_patch.obj (.text:macTrackPeriodCallback)
                  00010794    0000006c                            : mac_tx.obj (.text:macTxDoneCallback)
                  00010800    0000006c     collector.obj (.text:processIdentifyLedRequest$3)
                  0001086c    00000068     csf.obj (.text:Csf_getDeviceExtAdd)
                  000108d4    00000068     driverlib.lib : osc.obj (.text:NOROM_OSCHF_SwitchToRcOscTurnOffXosc)
                  0001093c    00000068     nvocmp.obj (.text:NVOCMP_getFreeNvApi$14)
                  000109a4    00000068     maclib_osal_tirtos_cc13x2_26x2.a : osal_port.obj (.text:OsalPort_registerTask)
                  00010a0c    00000068     rf_multiMode_cc13x2.aem4f : RFCC26X2_multiMode.c.cc13x2.ccs.o (.text:RF_hwiHw)
                  00010a74    00000068     rtsv7M4_T_le_v4SPD16_eabi.lib : copy_decompress_lzss.c.obj (.text:decompress:lzss:__TI_decompress_lzss)
                  00010adc    00000068     csf.obj (.text:findDeviceListIndex$4)
                  00010b44    00000068     maclib_secure_cc13x2.a : mac_rx.obj (.text:macRxHaltCleanup)
                  00010bac    00000068     cllc.obj (.text:orphanIndCb$5)
                  00010c14    00000064     drivers_cc13x2.a : AESCCMCC26XX.oem4f (.text:AESCCM_waitForResult)
                  00010c78    00000064                      : Button.oem4f (.text:Button_gpioCallbackFxn)
                  00010cdc    00000064     nvocmp.obj (.text:NVOCMP_findSignature$14)
                  00010d40    00000064     maclib_osal_tirtos_cc13x2_26x2.a : osal_port.obj (.text:OsalPort_clearEvent)
                  00010da4    00000064                                      : osal_port.obj (.text:OsalPort_pwrmgrTaskState)
                  00010e08    00000064     rf_multiMode_cc13x2.aem4f : RFCC26X2_multiMode.c.cc13x2.ccs.o (.text:RF_dispatchNextEvent)
                  00010e6c    00000064     drivers_cc13x2.a : UARTCC26XX.oem4f (.text:UARTCC26XX_control)
                  00010ed0    00000064     csf.obj (.text:getTheFirstDevice$4)
                  00010f34    00000064     maclib_secure_cc13x2.a : mac.obj (.text:macRequestBackoff)
                  00010f98    00000064                            : mac_timer.obj (.text:macSymbolTimerRolloverCallback)
                  00010ffc    00000064                            : mac_timer.obj (.text:macTimerAddTimer)
                  00011060    00000064     main.obj (.text:main)
                  000110c4    00000062     ti_drivers_config.obj (.text:Board_sendExtFlashByte)
                  00011126    00000062     rf_multiMode_cc13x2.aem4f : RFCC26X2_multiMode.c.cc13x2.ccs.o (.text:RF_syncCb)
                  00011188    00000062     drivers_cc13x2.a : UARTCC26XX.oem4f (.text:UARTCC26XX_swiIntFxn)
                  000111ea    00000002     rom_sysbios.aem4f : rom_sysbios.obj (.text:xdc_runtime_SysCallback_defaultFlush)
                  000111ec    00000060     drivers_cc13x2.a : AESCCMCC26XX.oem4f (.text:AESCCM_hwiFxn)
                  0001124c    00000060                      : CryptoResourceCC26XX.oem4f (.text:CryptoResourceCC26XX_constructRTOSObjects)
                  000112ac    00000060                      : GPIOCC26XX.oem4f (.text:GPIO_write)
                  0001130c    00000060     rf_multiMode_cc13x2.aem4f : RFCC26X2_multiMode.c.cc13x2.ccs.o (.text:RF_applyRfCorePatch)
                  0001136c    00000060     drivers_cc13x2.a : TRNGCC26XX.oem4f (.text:TRNGCC26XX_startTrng)
                  000113cc    00000060     maclib_secure_cc13x2.a : mac_radio.obj (.text:macGetRadioTxPowerReg)
                  0001142c    00000060                            : mac_timer.obj (.text:macTimerCancel)
                  0001148c    00000060                            : mac_timer.obj (.text:macTimerGetNextTimer)
                  000114ec    00000060     collector.obj (.text:orphanIndCb$3)
                  0001154c    00000060     collector.obj (.text:processDataRetry$3)
                  000115ac    00000060     cllc.obj (.text:sendScanReq$5)
                  0001160c    0000005e     api_mac.obj (.text:convertTxOptions)
                  0001166a    00000002     rom_sysbios.aem4f : rom_sysbios.obj (.text:xdc_runtime_SysCallback_defaultPutch)
                  0001166c    0000005c     nvocmp.obj (.text:NVOCMP_readItem$14)
                  000116c8    0000005c     maclib_osal_tirtos_cc13x2_26x2.a : osal_port.obj (.text:OsalPort_msgReceive)
                  00011724    0000005c                                      : osal_port.obj (.text:OsalPort_setEvent)
                  00011780    0000005c     drivers_cc13x2.a : PINCC26XX.oem4f (.text:PIN_remove)
                  000117dc    0000005c                      : NVSCC26XX.oem4f (.text:doErase)
                  00011838    0000005c     maclib_secure_cc13x2.a : mac_hl_patch.obj (.text:macSetDefaultsByPatch)
                  00011894    0000005c     collector.obj (.text:sendBroadcastMsg$3)
                  000118f0    0000005c     drivers_cc13x2.a : UARTCC26XX.oem4f (.text:startTxFifoEmptyClk)
                  0001194c    0000005c     app_pem4f.oem4f (.text:xdc_runtime_Startup_getState__I)
                  000119a8    00000058     nvocmp.obj (.text:NVOCMP_getItemLenApi$14)
                  00011a00    00000058     drivers_cc13x2.a : PowerCC26X2_calibrateRCOSC.oem4f (.text:PowerCC26X2_initiateCalibration)
                  00011a58    00000058     rf_multiMode_cc13x2.aem4f : RFCC26X2_multiMode.c.cc13x2.ccs.o (.text:RF_TxPowerTable_findValue)
                  00011ab0    00000058                               : RFCC26X2_multiMode.c.cc13x2.ccs.o (.text:RF_hwiCpe0PowerFsm)
                  00011b08    00000058     drivers_cc13x2.a : TRNGCC26XX.oem4f (.text:TRNG_init)
                  00011b60    00000058     boot.aem4f : boot.oem4f (.text)
                  00011bb8    00000058     maclib_secure_cc13x2.a : mac_radio_tx.obj (.text:macRadioTxRequestTxAck)
                  00011c10    00000056     drivers_cc13x2.a : LED.oem4f (.text:LED_startBlinking)
                  00011c66    00000056     rf_multiMode_cc13x2.aem4f : RFCC26X2_multiMode.c.cc13x2.ccs.o (.text:RF_defaultSubmitPolicy)
                  00011cbc    00000054     drivers_cc13x2.a : AESCCMCC26XX.oem4f (.text:AESCCM_construct)
                  00011d10    00000054     cllc.obj (.text:Cllc_addSecDevice)
                  00011d64    00000054     driverlib.lib : prcm.obj (.text:NOROM_PRCMPowerDomainsAllOff)
                  00011db8    00000054     nvocmp.obj (.text:NVOCMP_doNVCRC$14)
                  00011e0c    00000054     drivers_cc13x2.a : NVSCC26XX.oem4f (.text:NVSCC26XX_init)
                  00011e60    00000054     rf_multiMode_cc13x2.aem4f : RFCC26X2_multiMode.c.cc13x2.ccs.o (.text:RF_fsmXOSCState)
                  00011eb4    00000054     drivers_cc13x2.a : StructRingBuf.oem4f (.text:StructRingBuf_put)
                  00011f08    00000054     dpl_cc13x2.a : SwiP_tirtos.oem4f (.text:SwiP_construct)
                  00011f5c    00000054     maclib_secure_cc13x2.a : mac_hl_patch.obj (.text:macIncomingKeyUsagePolicyChecking)
                  00011fb0    00000054                            : mac_radio.obj (.text:macRadioSetChannel)
                  00012004    00000054                            : mac_radio.obj (.text:macRadioSetChannelRx)
                  00012058    00000054                            : mac_tx.obj (.text:macTxAckReceivedCallback)
                  000120ac    00000054     api_mac.obj (.text:processScanCnf$8)
                  00012100    00000054     csf.obj (.text:sendToggleAndUpdateUser$4)
                  00012154    00000054     collector.obj (.text:sendTrackingRequest$3)
                  000121a8    00000050     drivers_cc13x2.a : GPIOCC26XX.oem4f (.text:GPIO_enableInt)
                  000121f8    00000050     nvocmp.obj (.text:NVOCMP_compactNvApi$14)
                  00012248    00000050     drivers_cc13x2.a : TRNGCC26XX.oem4f (.text:TRNGCC26XX_waitForResult)
                  00012298    00000050                      : TemperatureCC26X2.oem4f (.text:degreesToCode)
                  000122e8    00000050     maclib_secure_cc13x2.a : mac_sleep.obj (.text:macCanSleep)
                  00012338    00000050                            : mac_radio.obj (.text:macRadioSetPanCoordinator)
                  00012388    00000050                            : mac_rx_onoff.obj (.text:macRxDisable)
                  000123d8    00000050                            : mac_timer.obj (.text:macTimerStart)
                  00012428    00000050     cllc.obj (.text:maintainAssocTable$5)
                  00012478    0000004c     cui.obj (.text:CUI_updateCursor$6)
                  000124c4    0000004c     driverlib.lib : prcm.obj (.text:NOROM_PRCMPowerDomainsAllOn)
                  00012510    0000004c     nvocmp.obj (.text:NVOCMP_setItemInactive$14)
                  0001255c    0000004c     maclib_osal_tirtos_cc13x2_26x2.a : osal_port.obj (.text:OsalPort_msgSend)
                  000125a8    0000004c     rf_multiMode_cc13x2.aem4f : RFCC26X2_multiMode.c.cc13x2.ccs.o (.text:RF_wakeupNotification)
                  000125f4    0000004c     drivers_cc13x2.a : StructRingBuf.oem4f (.text:StructRingBuf_get)
                  00012640    0000004c                      : UARTCC26XX.oem4f (.text:UARTCC26XX_readCancel)
                  0001268c    0000004c     rtsv7M4_T_le_v4SPD16_eabi.lib : atoi.c.obj (.text:atoi)
                  000126d8    0000004c                                   : cpy_tbl.c.obj (.text:copy_in)
                  00012724    0000004c     maclib_secure_cc13x2.a : mac_radio_tx.obj (.text:macRadioTxHandleAck)
                  00012770    0000004c                            : mac.obj (.text:macSendFsCmd)
                  000127bc    0000004c     maclib_osal_tirtos_cc13x2_26x2.a : osal_port.obj (.text:osalHeapGetStatsFxn)
                  00012808    00000048     ti_drivers_config.obj (.text:Board_wakeUpExtFlash)
                  00012850    00000048     CC1352R1_LAUNCHXL_fxns.obj (.text:CC1352R1_LAUNCHXL_wakeUpExtFlash)
                  00012898    00000048     csf.obj (.text:Csf_getNumDeviceListEntries)
                  000128e0    00000048     rf_multiMode_cc13x2.aem4f : rfc.c.cc13x2.ccs.o (.text:NOROM_RFCSynthPowerDown)
                  00012928    00000048     nvocmp.obj (.text:NVOCMP_write$14)
                  00012970    00000048     drivers_cc13x2.a : NVS.oem4f (.text:NVS_open)
                  000129b8    00000048                      : PINCC26XX.oem4f (.text:PIN_setOutputEnable)
                  00012a00    00000048                      : PowerCC26X2_calibrateRCOSC.oem4f (.text:PowerCC26X2_RCOSC_clockFunc)
                  00012a48    00000048                      : PowerCC26X2.oem4f (.text:PowerCC26XX_switchXOSC_HF)
                  00012a90    00000048     cui.obj (.text:UartReadCallback$6)
                  00012ad8    00000048     maclib_osal_tirtos_cc13x2_26x2.a : util_timer.obj (.text:UtilTimer_construct)
                  00012b20    00000048     drivers_cc13x2.a : NVSCC26XX.oem4f (.text:disableFlashCache)
                  00012b68    00000048     csf.obj (.text:formNwkAndUpdateUser$4)
                  00012bb0    00000048     maclib_secure_cc13x2.a : mac_radio.obj (.text:macRadioNeedAdjustPower)
                  00012bf8    00000048                            : mac_radio.obj (.text:macRadioStopScan)
                  00012c40    00000048                            : mac_timer.obj (.text:macTimerUpdActive)
                  00012c88    00000048     drivers_cc13x2.a : PowerCC26X2.oem4f (.text:switchXOSCHF)
                  00012cd0    00000048     csf.obj (.text:uintToString$4)
                  00012d18    00000048     drivers_cc13x2.a : UARTCC26XX.oem4f (.text:writeFinishedDoCallback)
                  00012d60    00000046                      : RingBuf.oem4f (.text:RingBuf_put)
                  00012da6    00000046     maclib_secure_cc13x2.a : mac_hl_patch.obj (.text:macDeviceDescriptorLookup)
                  00012dec    00000044     cllc.obj (.text:Cllc_sendDisassociationRequest)
                  00012e30    00000044     drivers_cc13x2.a : GPIOCC26XX.oem4f (.text:GPIO_disableInt)
                  00012e74    00000044     maclib_secure_cc13x2.a : mac_timer.obj (.text:MAC_PwrNextTimeout)
                  00012eb8    00000044     driverlib.lib : chipinfo.obj (.text:NOROM_ChipInfo_GetHwRevision)
                  00012efc    00000044     drivers_cc13x2.a : NVSCC26XX.oem4f (.text:NVSCC26XX_read)
                  00012f40    00000044                      : PINCC26XX.oem4f (.text:PIN_swi)
                  00012f84    00000044                      : PWM.oem4f (.text:PWM_init)
                  00012fc8    00000044                      : UART.oem4f (.text:UART_init)
                  0001300c    00000044     maclib_secure_cc13x2.a : mac_tx.obj (.text:macTxTimestampCallback)
                  00013050    00000042     api_mac.obj (.text:copyMacPanDescToApiMacPanDesc$8)
                  00013092    00000040     dpl_cc13x2.a : ClockP_tirtos.oem4f (.text:ClockP_construct)
                  000130d2    00000002     --HOLE-- [fill = 0]
                  000130d4    00000040                  : ClockP_tirtos.oem4f (.text:ClockP_create)
                  00013114    00000040     csf.obj (.text:Csf_getNetworkInformation)
                  00013154    00000040     driverlib.lib : osc.obj (.text:NOROM_OSC_HPOSCRelativeFrequencyOffsetGet)
                  00013194    00000040     maclib_osal_tirtos_cc13x2_26x2.a : osal_port.obj (.text:OsalPort_heapFree$41)
                  000131d4    00000040     drivers_cc13x2.a : PWM.oem4f (.text:PWM_open)
                  00013214    00000040                      : PowerCC26X2.oem4f (.text:PowerCC26XX_isStableXOSC_HF)
                  00013254    00000040                      : Random.oem4f (.text:Random_getNumber)
                  00013294    00000040                      : RingBuf.oem4f (.text:RingBuf_get)
                  000132d4    00000040                      : TRNGCC26XX.oem4f (.text:TRNGCC26XX_copyToClient)
                  00013314    00000040                      : UART.oem4f (.text:UART_open)
                  00013354    00000040     collector.obj (.text:cllcStateChangedCB$3)
                  00013394    00000040     rf_multiMode_cc13x2.aem4f : rf_patch_cpe_prop.c.cc13x2.ccs.o (.text:configurePropPatch)
                  000133d4    00000040     maclib_secure_cc13x2.a : mac_low_level.obj (.text:macLowLevelYield)
                  00013414    00000040                            : mac.obj (.text:macRatCb_B)
                  00013454    00000040                            : mac_rx.obj (.text:macRxNokIsr)
                  00013494    00000040                            : mac_autopend.obj (.text:macSrcMatchSetEnableBit$17)
                  000134d4    00000040                            : mac_symbol_timer.obj (.text:macSymbolTimerSetTrigger)
                  00013514    00000040                            : mac_tx.obj (.text:macTxUpdateIE)
                  00013554    00000040     rtsv7M4_T_le_v4SPD16_eabi.lib : u_divt2.asm.obj (.text)
                  00013594    00000040     drivers_cc13x2.a : TemperatureCC26X2.oem4f (.text:setNextThresholds)
                  000135d4    00000040     rom_sysbios.aem4f : rom_sysbios.obj (.text:ti_sysbios_family_arm_cc26xx_Timer_setThreshold__I)
                  00013614    00000040                       : rom_sysbios.obj (.text:ti_sysbios_heaps_HeapCallback_Module_startup__E)
                  00013654    0000003e     dpl_cc13x2.a : HwiP_tirtos.oem4f (.text:HwiP_construct)
                  00013692    0000003e     drivers_cc13x2.a : LED.oem4f (.text:LED_setBrightnessLevel)
                  000136d0    0000003e     maclib_osal_tirtos_cc13x2_26x2.a : osal_port.obj (.text:OsalPort_msgEnqueueMax)
                  0001370e    0000003e     drivers_cc13x2.a : LED.oem4f (.text:clockTimeoutHandler)
                  0001374c    0000003c                      : LED.oem4f (.text:LED_setOff)
                  00013788    0000003c     maclib_secure_cc13x2.a : mac_pwr.obj (.text:MAC_PwrOnReq)
                  000137c4    0000003c     nvocmp.obj (.text:NVOCMP_disableCache$14)
                  00013800    0000003c     drivers_cc13x2.a : PINCC26XX.oem4f (.text:PIN_setInterrupt)
                  0001383c    0000003c                      : PINCC26XX.oem4f (.text:PIN_setOutputValue)
                  00013878    0000003c     rf_multiMode_cc13x2.aem4f : RFCC26X2_multiMode.c.cc13x2.ccs.o (.text:RF_cmdGet)
                  000138b4    0000003c                               : RFCC26X2_multiMode.c.cc13x2.ccs.o (.text:RF_cmdStoreEvents)
                  000138f0    0000003c     cui.obj (.text:UartWriteCallback$6)
                  0001392c    0000003c     drivers_cc13x2.a : NVSCC26XX.oem4f (.text:checkEraseRange)
                  00013968    0000003c     collector.obj (.text:cllcDeviceJoiningCB$3)
                  000139a4    0000003c     maclib_secure_cc13x2.a : mac_timer.obj (.text:macTimerRecalcUnaligned)
                  000139e0    0000003c                            : mac_tx.obj (.text:macTxDecrypt)
                  00013a1c    0000003c     rom_sysbios.aem4f : rom_sysbios.obj (.text:ti_sysbios_family_arm_m3_Hwi_construct2__E)
                  00013a58    00000038     ti_drivers_config.obj (.text:Board_shutDownExtFlash)
                  00013a90    00000038     cllc.obj (.text:Cllc_setJoinPermit)
                  00013ac8    00000038     collector.obj (.text:Collector_sendDeviceTypeRequest)
                  00013b00    00000038     collector.obj (.text:Collector_sendToggleLedRequest)
                  00013b38    00000038     nvocmp.obj (.text:NVOCMP_findPage$14)
                  00013b70    00000038     drivers_cc13x2.a : PINCC26XX.oem4f (.text:PIN_setConfig)
                  00013ba8    00000038     rf_multiMode_cc13x2.aem4f : RFCC26X2_multiMode.c.cc13x2.ccs.o (.text:RF_checkCmdFsError)
                  00013be0    00000038                               : RFCC26X2_multiMode.c.cc13x2.ccs.o (.text:RF_powerConstraintRelease)
                  00013c18    00000038     collector.obj (.text:findDevice$3)
                  00013c50    00000038     maclib_secure_cc13x2.a : mac_timer.obj (.text:macTimerAligned)
                  00013c88    00000038                            : mac_timer.obj (.text:macTimerInit)
                  00013cc0    00000038                            : mac_tx.obj (.text:macTxAckNotReceivedCallback)
                  00013cf8    00000038                            : mac_tx.obj (.text:macTxFrameIsr)
                  00013d30    00000038     drivers_cc13x2.a : PowerCC26X2.oem4f (.text:notify)
                  00013d68    00000038                      : UARTCC26XX.oem4f (.text:readData)
                  00013da0    00000038     rom_sysbios.aem4f : rom_sysbios.obj (.text:ti_sysbios_family_arm_cc26xx_Timer_getCurrentTick__E)
                  00013dd8    00000038     drivers_cc13x2.a : UARTCC26XX.oem4f (.text:writeData)
                  00013e10    00000036     api_mac.obj (.text:ApiMac_convertCapabilityInfo)
                  00013e46    00000036     drivers_cc13x2.a : LED.oem4f (.text:LED_setOn)
                  00013e7c    00000036     rom_sysbios.aem4f : rom_sysbios.obj (.text:ti_sysbios_family_arm_cc26xx_Timer_setNextTick__E)
                  00013eb2    00000002     --HOLE-- [fill = 0]
                  00013eb4    00000034     csf.obj (.text:Csf_setTrackingClock)
                  00013ee8    00000034     driverlib.lib : sys_ctrl.obj (.text:NOROM_SysCtrlIdle)
                  00013f1c    00000034     nvocmp.obj (.text:NVOCMP_verifyCRC$14)
                  00013f50    00000034     rf_multiMode_cc13x2.aem4f : RFCC26X2_multiMode.c.cc13x2.ccs.o (.text:RF_runDirectImmediateCmd)
                  00013f84    00000034     maclib_secure_cc13x2.a : mac_hl_patch.obj (.text:macCheckPhyRate)
                  00013fb8    00000034                            : mac_low_level.obj (.text:macLowLevelDiags)
                  00013fec    00000034                            : mac_radio.obj (.text:macRadioSetIEEEAddr)
                  00014020    00000034                            : mac.obj (.text:macRatDisableChannelB)
                  00014054    00000034                            : mac_symbol_timer.obj (.text:macSymbolTimerCount)
                  00014088    00000034     drivers_cc13x2.a : UARTCC26XX.oem4f (.text:readData2RingBuf)
                  000140bc    00000034     csf.obj (.text:saveNumDeviceListEntries$4)
                  000140f0    00000034     rtsv7M4_T_le_v4SPD16_eabi.lib : strncpy.c.obj (.text:strncpy)
                  00014124    00000034     rom_sysbios.aem4f : rom_sysbios.obj (.text:ti_sysbios_knl_Swi_setPri__E)
                  00014158    00000034     drivers_cc13x2.a : TemperatureCC26X2.oem4f (.text:updateThresholds)
                  0001418c    00000032     maclib_osal_tirtos_cc13x2_26x2.a : osal_port.obj (.text:OsalPort_msgExtract)
                  000141be    00000032     rom_sysbios.aem4f : rom_sysbios.obj (.text:ti_sysbios_gates_GateMutexPri_insertPri__I)
                  000141f0    00000030     cllc.obj (.text:Cllc_getFormingPanId)
                  00014220    00000030     csf.obj (.text:Csf_setConfigClock)
                  00014250    00000030     drivers_cc13x2.a : GPIOCC26XX.oem4f (.text:GPIO_hwiIntFxn)
                  00014280    00000030                      : GPIOCC26XX.oem4f (.text:GPIO_setCallback)
                  000142b0    00000030     nvocmp.obj (.text:NVOCMP_changePageState$14)
                  000142e0    00000030     drivers_cc13x2.a : NVSCC26XX.oem4f (.text:NVSCC26XX_erase)
                  00014310    00000030                      : PINCC26XX.oem4f (.text:PINCC26XX_setMux)
                  00014340    00000030                      : PowerCC26X2.oem4f (.text:Power_releaseConstraint)
                  00014370    00000030                      : PowerCC26X2.oem4f (.text:Power_setConstraint)
                  000143a0    00000030                      : TRNGCC26XX.oem4f (.text:TRNGCC26XX_fillEntropyPool)
                  000143d0    00000030                      : TemperatureCC26X2.oem4f (.text:Temperature_unregisterNotify)
                  00014400    00000030     collector.obj (.text:getMsduHandle$3)
                  00014430    00000030     csf.obj (.text:getNumActiveDevices$4)
                  00014460    00000030     maclib_secure_cc13x2.a : mac_rx_onoff.obj (.text:macRxHardDisable)
                  00014490    00000030                            : mac_rx_onoff.obj (.text:macRxSoftDisable)
[...]
2000168c  Cllc_associatedDevList                                          
200018e5  savedCllcState                                                  
200018e6  permitJoining                                                   
200018ec  Csf_events                                                      
2000191c  Csf_keys                                                        
20001930  csfCuiHndl                                                      
20001934  collectorStatusLine                                             
20001938  deviceStatusLine                                                
2000193c  numJoinDevStatusLine                                            
20001944  genericStatusLine                                               
20001a98  RF_cmdNop                                                       
20001aa8  RF_cmdNopFg                                                     
20001ab8  RF_cmdRxAckCmd                                                  
20001acc  RF_cmdFsRx                                                      
20001ae4  RF_cmdFsTx                                                      
20001afc  RF_cmdIEEETx                                                    
20001b14  RF_cmdPropCs                                                    
20001b30  RF_cmdPropCsSlotted                                             
20001b4c  RF_cmdRadioSetup                                                
20001b6c  RF_cmdIEEECsma                                                  
20001b8c  RF_cmdPropTxAdv                                                 
20001bac  RF_cmdPropRadioDivSetup                                         
20001bdc  RF_cmdPropRxAdv                                                 
20001c0c  RF_cmdIEEERx                                                    
20001c48  taskCnt                                                         
20001c58  heapmgrMemFreeTotal                                             
20001c5c  heapmgrMemFreeError                                             
20001c68  HEAPMGR_SIZE                                                    
20001c6c  taskTbl                                                         
20001dd4  PowerCC26X2_module                                              
20001f44  ROM_stateStruct                                                 
20001f44  ti_sysbios_knl_Clock_Module__state__V                           
20001f70  ti_sysbios_family_arm_cc26xx_TimestampProvider_Module__state__V 
20001f74  xdc_runtime_Startup_Module__state__V                            
20001f7c  xdc_runtime_Registry_Module__state__V                           
20001f84  ti_sysbios_BIOS_Module__state__V                                
20001fa8  ti_sysbios_knl_Swi_Module__state__V                             
20001fc4  ti_sysbios_knl_Task_Module__state__V                            
20002008  xdc_runtime_Memory_Module__state__V                             
2000200c  xdc_runtime_System_Module__state__V                             
20002014  ti_sysbios_family_arm_m3_Hwi_Module__state__V                   
20002048  ti_sysbios_family_arm_cc26xx_Timer_Module__state__V             
20002056  Collector_events                                                
20002090  Collector_statistics                                            
200020cc  Collector_macCallbacks                                          
20002114  macSrcMatchIsAckAllPending                                      
20002115  macSrcResIndex                                                  
20002118  reqAccessAlloc                                                  
2000211a  rxCmdHandle                                                     
20002120  macRfDrvTblPtr                                                  
20002124  lastPostCmd                                                     
20002128  macSfdDetectCback                                               
2000212c  macTxTimestamp                                                  
20002130  pMacRadioConfig                                                 
20002148  macRxOutputSubG                                                 
20002154  macRxOutputIeee                                                 
20002164  macFrmFilter                                                    
20002174  macSrcShortAddrList                                             
20002190  macSrcExtAddrList                                               
200021c0  macMRFSKGenPhyTable                                             
20002262  gAction                                                         
20002263  NVOCMP_size                                                     
20002290  NVOCMP_nvHandle                                                 
200022d8  RF_prop_2gfsk50kbps154g                                         
200022e8  txPowerTable_868_pa13                                           
2000234c  fhObject                                                        
200023b8  appSubMenu                                                      
20002410  FHIE_channelPlan                                                
20002464  ti_sysbios_knl_Task_Object__table__V                            
200024b0  ti_sysbios_family_arm_cc26xx_Timer_Object__table__V             
20002500  pRfMode                                                         
20002504  pRfPowerTable                                                   
20002508  pMaxPower                                                       
2000250c  RF_handle                                                       
20002510  macPhyTxPower                                                   
20002518  RF_params                                                       
20002538  commissionSubMenu                                               
20002578  configureSubMenu                                                
200025b8  csfMainMenu                                                     
200025f8  ti_sysbios_gates_GateMutex_Object__table__V                     
20002631  appTaskId                                                       
20002638  appEvents                                                       
20002640  ApiMac_extAddr                                                  
20002648  appSem                                                          
20002664  macBeaconPayload                                                
20002698  pMacDataTx                                                      
2000269c  macDataTxIndirect                                               
200026a0  macDataRequeueIndirect                                          
200026a4  macDataRxBeaconCritical                                         
200026a8  macDataTxBeaconComplete                                         
200026ac  macDataSetSched                                                 
200026b0  macDataCheckSched                                               
200026b4  macDataCheckTxTime                                              
200026b8  macDataBeaconRequeue                                            
200026bc  csmPhy                                                          
200026c0  macTimerRollover                                                
200026c4  macTimerNewRollover                                             
200026c8  ti_sysbios_knl_Swi_Module_State_0_readyQ__A                     
200026f8  ti_sysbios_knl_Swi_Object__table__V                             
20002728  ti_sysbios_knl_Task_Module_State_0_readyQ__A                    
20002758  macSpecUsecsPerSymbol                                           
2000275c  macPrevPeriodRatCount                                           
20002760  macSymbolTimerRollover                                          
20002764  macSymbolTimerTrigger                                           
20002780  pOverrides_2gfsk50kbps154g                                      
200027a8  macTxSlottedDelayFactor                                         
200027a9  macTxType                                                       
200027aa  macTxBe                                                         
200027ab  macTxGpInterframeDelay                                          
200027ac  txAckReq                                                        
200027af  txSeqn                                                          
200027b1  numTx                                                           
200027b2  macTxCsmaBackoffDelay                                           
200027b4  macCsmaRtcTimerId                                               
200027b8  macAckDbg                                                       
200027cc  _hposcCoeffs                                                    
200027f0  macActionSet                                                    
20002838  macBeaconMargin                                                 
20002858  ti_sysbios_knl_Clock_Object__table__V                           
20002878  xdc_runtime_Error_IgnoreBlock                                   
20002898  ti_sysbios_family_arm_m3_Hwi_Object__table__V                   
200028b0  txCmdHandle                                                     
200028b2  macRadioAckIeeeFrame                                            
200028b8  pMacEnhancedAck                                                 
200028bc  macRadioAckFrame                                                
200028c4  macStateTbl                                                     
200028e8  gpioCallbackFunctions                                           
200028f8  gpioPinConfigs                                                  
20002908  macCfg                                                          
20002918  lastRatChanA                                                    
20002919  lastRatChanB                                                    
2000291a  macRxCmdActive                                                  
2000291b  macTxCmdActive                                                  
2000291c  macFsCmdActive                                                  
2000291d  macRxPreempted                                                  
2000291e  macReqAccessCnt                                                 
20002920  macReqAccessTimeCnt                                             
20002922  macReqAccErrCnt                                                 
20002924  numRfCmd                                                        
20002925  numRxCmd                                                        
20002926  numRxPostCmd                                                    
20002930  pClockHandleEDScan                                              
20002934  FH_FSM                                                          
20002940  ti_sysbios_heaps_HeapCallback_Object__table__V                  
2000294c  _lock                                                           
20002950  _unlock                                                         
20002954  FH_txTiming                                                     
2000295c  pinUpperBound                                                   
20002960  pinLowerBound                                                   
2000296c  ti_sysbios_family_arm_m3_Hwi_Module__root__V                    
20002974  ti_sysbios_gates_GateHwi_Module__root__V                        
2000297c  ti_sysbios_gates_GateMutexPri_Module__root__V                   
20002984  ti_sysbios_gates_GateMutex_Module__root__V                      
2000298c  ti_sysbios_hal_Hwi_Module__root__V                              
20002994  ti_sysbios_heaps_HeapCallback_Module__root__V                   
2000299c  ti_sysbios_heaps_HeapMem_Module__root__V                        
200029a4  ti_sysbios_knl_Clock_Module__root__V                            
200029ac  ti_sysbios_knl_Event_Module__root__V                            
200029b4  ti_sysbios_knl_Mailbox_Module__root__V                          
200029bc  ti_sysbios_knl_Queue_Module__root__V                            
200029c4  ti_sysbios_knl_Semaphore_Module__root__V                        
200029cc  ti_sysbios_knl_Swi_Module__root__V                              
200029d4  ti_sysbios_knl_Task_Module__root__V                             
200029e7  macAddrSize                                                     
200029ec  macTasksEvents                                                  
200029f0  macTxSlottedDelay                                               
200029f1  bInSwi                                                          
200029f2  macSrcMatchIsEnabled                                            
200029f3  macRadioYielded                                                 
200029f4  errno                                                           
200029f8  main_func_sp                                                    
200029fc  ti_sysbios_family_arm_m3_Hwi_Module_State_0_excContext__A       
20002a00  ti_sysbios_family_arm_m3_Hwi_Module_State_0_excStack__A         
20002a04  ti_sysbios_knl_Task_Module_State_0_idleTask__A                  
20002a08  CryptoResourceCC26XX_pollingFlag                                
20002a0c  ti_sysbios_family_arm_m3_Hwi_Module_State_0_excActive__A        
20002a0f  macSleepState                                                   
20002f08  ti_sysbios_knl_Task_Instance_State_0_stack__A                   
20003108  uartCC26XXObjects                                               
200032bc  enhancedAckBuf                                                  
200034b0  ti_sysbios_family_arm_m3_Hwi_dispatchTable                      
20003588  LEDObjects                                                      
20003640  FHPIB_db                                                        
200036cc  FH_hnd                                                          
20003754  macPib                                                          
200037dc  pinHandleTable                                                  
20003858  FHNT_tableOpt                                                   
200038d4  macScan                                                         
20003978  ButtonObjects                                                   
200039c8  CryptoResourceCC26XX_accessSemaphore                            
20003a18  CryptoResourceCC26XX_operationSemaphore                         
20003a68  cuiMultiMenuData                                                
20003ab4  FHFSM_Dbg                                                       
20003af6  driverlib_release_0_58048                                       
20003af7  macMgmt                                                         
20003af8  macSecurityPib                                                  
20003b38  macBeaconCoord                                                  
20003b74  FHNT_hnd                                                        
20003bac  macDeviceAction1                                                
20003c18  macBeaconDevice                                                 
20003c4c  macMgmtAction1                                                  
20003c7c  macCoord                                                        
20003ca8  macDevice                                                       
20003cd4  macRxFilter                                                     
20003cd5  rxPromiscuousMode                                               
20003cd8  rxSeqNum                                                        
20003ce0  macRxDataEntryOffset                                            
20003ce4  rxRadioBufferPtr                                                
20003cf4  macRxDataEntryQueue                                             
20003d5c  macBeacon                                                       
20003dd0  CryptoResourceCC26XX_hwi                                        
20003dec  macCoordAction2                                                 
20003e08  macReset                                                        
20003e24  aesccmCC26XXObjects                                             
20003e3c  macScanAction                                                   
20003e7c  macDeviceAction2                                                
20003e90  macMgmtAction2                                                  
20003ea4  macBeaconDeviceAction                                           
20003eb4  macCoordAction3                                                 
20003ec4  macData                                                         
20003ed4  macDataTxDelay                                                  
20003efc  FH_PibTbl                                                       
20003f08  macMain                                                         
20003f24  FHNT_tempTable                                                  
20003f2c  macBeaconCoordAction1                                           
20003f34  macCoordAction1                                                 
20003f3c  FHNT_Dbg                                                        
20003f42  macPanCoordinator                                               
20003f43  macPhyChannel                                                   
20003f48  AESCCM_handle                                                   
20003f4c  FH_test_var                                                     
20003f50  PowerCC26XX_swiKey                                              
20003f54  PowerCC26XX_taskKey                                             
20003f58  macCryptoDrvTblPtr                                              
20003f5c  macRxSymbol                                                     
20003f60  macTimerActive                                                  
20003f64  nvsCC26XXObjects                                                
20003f68  timerAlignedQ                                                   
20003f6c  timerUnalignedQ                                                 
20003f70  macPwr                                                          
20003f71  macRxActive                                                     
20003f72  macRxEnableFlags                                                
20003f73  macRxOutgoingAckFlag                                            
20003f74  macSymbolTimerImpending                                         
20003f75  macTaskId                                                       
20003f76  macTxActive                                                     
20003f77  macUnitBackoffPeriod                                            
20003f78  rxFhRsl                                                         
20003f79  heapStart                                                       
20013aa0  __stack                                                         
20013aa0  heapEnd                                                         
20014000  __STACK_END                                                     
20014000  __STACK_TOP                                                     
e000e000  ti_sysbios_family_arm_m3_Hwi_nvic                               
ffffffff  __TI_pprof_out_hndl                                             
ffffffff  __TI_prof_data_size                                             
ffffffff  __TI_prof_data_start                                            
ffffffff  __binit__                                                       
ffffffff  __c_args__                                                      
ffffffff  binit                                                           
UNDEFED   ITM_flush                                                       
UNDEFED   ITM_restore                                                     
UNDEFED   PWM_config                                                      
UNDEFED   PWM_count                                                       
UNDEFED   SHT$$INIT_ARRAY$$Base                                           
UNDEFED   SHT$$INIT_ARRAY$$Limit                                          

[1884 symbols]
