******************************************************************************
                  TI ARM Linker PC v20.2.1                     
******************************************************************************
>> Linked Sat Dec  5 22:02:25 2020

OUTPUT FILE NAME:   <collector_CC1352R1_LAUNCHXL_tirtos_ccs.out>
ENTRY POINT SYMBOL: "ResetISR"  address: 00011b01


MEMORY CONFIGURATION

         name            origin    length      used     unused   attr    fill
----------------------  --------  ---------  --------  --------  ----  --------
  FLASH                 00000000   0004e000  00016d0c  000372f4  R  X
  FLASH_NV              0004e000   00008000  00008000  00000000  RW X
  FLASH_LAST            00056000   00002000  00002000  00000000  R  X
  SRAM                  20000000   00014000  000044a5  0000fb5b  RW X


SEGMENT ALLOCATION MAP

run origin  load origin   length   init length attrs members
----------  ----------- ---------- ----------- ----- -------
00000000    00000000    00016d10   00016d10    r-x
  00000000    00000000    0000003c   0000003c    r-- .resetVecs
  0000003c    0000003c    000020c4   000020c4    r-- .const
  00002100    00002100    0001473c   0001473c    r-x .text.1
  00016840    00016840    000004d0   000004d0    r-- .cinit
0004e000    0004e000    00008000   00000000    rw-
  0004e000    0004e000    00008000   00000000    rw- .TI.bound:flashBuf0
00056000    00056000    00002000   00002000    r-x
  00056000    00056000    00001fa8   00001fa8    r-x .text.2
  00057fa8    00057fa8    00000058   00000058    r-- .ccfg
20000100    20000100    00003e71   00000000    rw-
  20000100    20000100    00000004   00000000    rw- .data:xdcRomConstPtr
  20000104    20000104    00000004   00000000    rw- .data:xdcRomExternFuncPtr
  20000108    20000108    00000004   00000000    rw- .data:xdcRomStatePtr
  2000010c    2000010c    00000010   00000000    rw- .data:RAM_MAC_BASE_ADDR
  20000120    20000120    000028ed   00000000    rw- .data
  20002a10    20002a10    00001561   00000000    rw- .bss
20013aa0    20013aa0    00000560   00000000    rw-
  20013aa0    20013aa0    00000560   00000000    rw- .stack


SECTION ALLOCATION MAP

 output                                  attributes/
section   page    origin      length       input sections
--------  ----  ----------  ----------   ----------------
.const     0    0000003c    000020c4     
                  0000003c    00000568     maclib_secure_cc13x2.a : hmac_rom_init.obj (.const:HMAC_ROM_Flash_JT)
                  000005a4    000003b8     app_pem4f.oem4f (.const:ROM_constStruct)
                  0000095c    00000258     maclib_secure_cc13x2.a : fh_rom_init.obj (.const:FH_ROM_Flash_JT)
                  00000bb4    000001f0     rf_multiMode_cc13x2.aem4f : rf_patch_cpe_prop.c.cc13x2.ccs.o (.const:patchImageProp)
                  00000da4    00000188     <whole-program> (.const:.string)
                  00000f2c    00000101     rtsv7M4_T_le_v4SPD16_eabi.lib : ctype.c.obj (.const:.string:_ctypes_)
                  0000102d    00000100     crc.obj (.const:.string:crc_table$13)
                  0000112d    000000fa     maclib_secure_cc13x2.a : fh_global.obj (.const:FH_stateMatrix)
                  00001227    000000f8     mac_cfg.obj (.const:macPibTbl)
                  0000131f    00000001     ti_drivers_config.obj (.const:aesccmCC26XXHWAttrs)
                  00001320    000000cc     maclib_secure_cc13x2.a : lmac_rom_init.obj (.const:LMAC_ROM_Flash_JT)
                  000013ec    000000ac     ti_radio_config.obj (.const:$O3$$)
                  00001498    0000008c     mac_cfg.obj (.const:FHPIB_defaults)
                  00001524    00000088     mac_cfg.obj (.const:macPibDefaults)
                  000015ac    00000080     drivers_cc13x2.a : Random.oem4f (.const:$P$T0$1)
                  0000162c    00000078     cllc.obj (.const:$O8$$)
                  000016a4    00000072     maclib_secure_cc13x2.a : hmac_global.obj (.const:macAssociatingSt)
                  00001716    00000072                            : hmac_global.obj (.const:macIdleSt)
                  00001788    00000072                            : hmac_global.obj (.const:macPollingSt)
                  000017fa    00000072                            : hmac_global.obj (.const:macScanningSt)
                  0000186c    00000072                            : hmac_global.obj (.const:macStartingSt)
                  000018de    00000002     ti_drivers_config.obj (.const:ButtonHWAttrs)
                  000018e0    0000006c     maclib_secure_cc13x2.a : icall_osal_rom_init.obj (.const:ICALL_OSAL_ROM_Flash_JT)
                  0000194c    0000006c     mac_user_config.obj (.const:macRfDriverTable)
                  000019b8    00000058     mac_cfg.obj (.const:macSecurityPibTbl)
                  00001a10    00000054     drivers_cc13x2.a : PowerCC26X2.oem4f (.const:resourceDB)
                  00001a64    00000050     mac_cfg.obj (.const:macMRFSKStdPhyTable)
                  00001ab4    00000048     app_pem4f.oem4f (.const:.string)
                  00001afc    00000048     app_pem4f.oem4f (.const:ROM_externFuncPtrs)
                  00001b44    00000040     mac_user_config.obj (.const:macCryptoDriverTable)
                  00001b84    00000040     maclib_secure_cc13x2.a : hmac_global.obj (.const:macTimerRolloverValue)
                  00001bc4    00000038     ti_drivers_config.obj (.const:$O1$$)
                  00001bfc    00000038     maclib_secure_cc13x2.a : hmac_global.obj (.const:macCmdIncludeFHIe)
                  00001c34    00000028     drivers_cc13x2.a : NVSCC26XX.oem4f (.const:NVSCC26XX_fxnTable)
                  00001c5c    00000028                      : UARTCC26XX.oem4f (.const:UARTCC26XX_fxnTable)
                  00001c84    00000028     app_pem4f.oem4f (.const:ti_sysbios_heaps_HeapCallback_Module__FXNS__C)
                  00001cac    00000028     ti_drivers_config.obj (.const:uartCC26XXHWAttrs)
                  00001cd4    00000028     app_pem4f.oem4f (.const:xdc_runtime_Startup_sfxnTab__A)
                  00001cfc    00000024     cui.obj (.const:$O10$$)
                  00001d20    00000024     drivers_cc13x2.a : UART.oem4f (.const:UART_defaultParams)
                  00001d44    00000024     app_pem4f.oem4f (.const:ti_sysbios_gates_GateMutexPri_Module__FXNS__C)
                  00001d68    00000020     mac_user_config.obj (.const:$P$T0$1$12)
                  00001d88    00000020     rf_multiMode_cc13x2.aem4f : RFCC26X2_multiMode.c.cc13x2.ccs.o (.const:RF_defaultParams)
                  00001da8    00000020     cllc.obj (.const:keyDeviceList$5)
                  00001dc8    00000020     app_pem4f.oem4f (.const:ti_sysbios_gates_GateMutexPri_Object__DESC__C)
                  00001de8    00000020     app_pem4f.oem4f (.const:ti_sysbios_heaps_HeapCallback_Object__DESC__C)
                  00001e08    0000001c     CC1352R1_LAUNCHXL_fxns.obj (.const:$O1$$)
                  00001e24    0000001c     app_pem4f.oem4f (.const:ti_sysbios_heaps_HeapCallback_Object__PARAMS__C)
                  00001e40    00000018     csf.obj (.const:$O6$$)
                  00001e58    00000018     drivers_cc13x2.a : PWM.oem4f (.const:PWM_defaultParams)
                  00001e70    00000018                      : GPIOCC26XX.oem4f (.const:interruptType)
                  00001e88    00000018     maclib_secure_cc13x2.a : hmac_global.obj (.const:macSendMsgBufSize)
                  00001ea0    00000018     app_pem4f.oem4f (.const:ti_sysbios_gates_GateMutexPri_Object__PARAMS__C)
                  00001eb8    00000014     ti_drivers_config.obj (.const:GPIOCC26XX_config)
                  00001ecc    00000014     ti_drivers_config.obj (.const:PowerCC26X2_config)
                  00001ee0    00000014     drivers_cc13x2.a : UARTCC26XX.oem4f (.const:parityType)
                  00001ef4    00000014     app_pem4f.oem4f (.const:xdc_runtime_Startup_sfxnRts__A)
                  00001f08    00000013     macTask.obj (.const:.string:msacbackSizeTable)
                  00001f1b    00000011     ti_drivers_config.obj (.const)
                  00001f2c    00000010     drivers_cc13x2.a : AESCCM.oem4f (.const:AESCCM_defaultParams)
                  00001f3c    00000010     ti_drivers_config.obj (.const:Button_config)
                  00001f4c    00000010     drivers_cc13x2.a : Button.oem4f (.const:Button_defaultParams)
                  00001f5c    00000010     ti_drivers_config.obj (.const:LED_config)
                  00001f6c    00000010     drivers_cc13x2.a : TRNG.oem4f (.const:TRNG_defaultParams)
                  00001f7c    00000010                      : UARTCC26XX.oem4f (.const:dataLength)
                  00001f8c    00000010     maclib_secure_cc13x2.a : hmac_global.obj (.const:macIEEEPhyTable)
                  00001f9c    00000010     drivers_cc13x2.a : GPIOCC26XX.oem4f (.const:outPinTypes)
                  00001fac    0000000e     maclib_secure_cc13x2.a : hmac_global.obj (.const:.string:macCmdBufSize)
                  00001fba    0000000e                            : hmac_global.obj (.const:.string:macTxFrameFailed)
                  00001fc8    0000000e                            : hmac_global.obj (.const:.string:macTxFrameSuccess)
                  00001fd6    00000002     cllc.obj (.const:keyUsageList$5)
                  00001fd8    0000000c     drivers_cc13x2.a : Random.oem4f (.const:$P$T1$2)
                  00001fe4    0000000c     maclib_secure_cc13x2.a : hmac_global.obj (.const:.string:macCbackEventTbl)
                  00001ff0    0000000c                            : hmac_global.obj (.const:.string:macSendMsgDataSize)
                  00001ffc    0000000c     ti_drivers_config.obj (.const:NVS_config)
                  00002008    0000000c     ti_drivers_config.obj (.const:RFCC26XX_hwAttrs)
                  00002014    0000000c     ti_drivers_config.obj (.const:UART_config)
                  00002020    0000000c     drivers_cc13x2.a : GPIOCC26XX.oem4f (.const:inPinTypes)
                  0000202c    0000000c                      : GPIOCC26XX.oem4f (.const:outPinStrengths)
                  00002038    0000000c     app_pem4f.oem4f (.const:xdc_runtime_Startup_firstFxns__A)
                  00002044    00000009     maclib_secure_cc13x2.a : hmac_global.obj (.const:.string:macCmdLen)
                  0000204d    00000001     app_pem4f.oem4f (.const:xdc_runtime_Text_charTab__A)
                  0000204e    00000002     --HOLE-- [fill = 0]
                  00002050    00000008     maclib_secure_cc13x2.a : mac_rx.obj (.const:$O21$$)
                  00002058    00000008     driverlib.lib : aux_sysif.obj (.const:$O29$$)
                  00002060    00000008     main.obj (.const:.string:dummyExtAddr$7)
                  00002068    00000008     maclib_secure_cc13x2.a : fh_global.obj (.const:.string:fhSupFrameTypes)
                  00002070    00000008                            : hmac_global.obj (.const:.string:macAuthTagLen)
                  00002078    00000008     ti_drivers_config.obj (.const:AESCCM_config)
                  00002080    00000008     drivers_cc13x2.a : LED.oem4f (.const:LED_defaultParams)
                  00002088    00000008     ti_drivers_config.obj (.const:PINCC26XX_hwAttrs)
                  00002090    00000008     rf_multiMode_cc13x2.aem4f : RFCC26X2_multiMode.c.cc13x2.ccs.o (.const:RFCC26XX_schedulerPolicy)
                  00002098    00000008     ti_drivers_config.obj (.const:nvsCC26XXHWAttrs)
                  000020a0    00000008     drivers_cc13x2.a : UARTCC26XX.oem4f (.const:stopBits)
                  000020a8    00000008     app_pem4f.oem4f (.const:ti_sysbios_family_arm_m3_Hwi_excHookFuncs__A)
                  000020b0    00000006     drivers_cc13x2.a : UARTCC26XX.oem4f (.const:.string:rxFifoBytes)
                  000020b6    00000006                      : UARTCC26XX.oem4f (.const:.string:rxFifoThreshold)
                  000020bc    00000006                      : UARTCC26XX.oem4f (.const:.string:txFifoBytes)
                  000020c2    00000006                      : UARTCC26XX.oem4f (.const:.string:txFifoThreshold)
                  000020c8    00000004     maclib_secure_cc13x2.a : hmac_global.obj (.const:.string:macKeySourceLen)
                  000020cc    00000004     ti_drivers_config.obj (.const:LEDHWAttrs)
                  000020d0    00000004     drivers_cc13x2.a : NVS.oem4f (.const:NVS_defaultParams)
                  000020d4    00000004     app_pem4f.oem4f (.const:ti_sysbios_gates_GateMutexPri_Instance_State_pendQ__O)
                  000020d8    00000004     app_pem4f.oem4f (.const:ti_sysbios_heaps_HeapCallback_Object__count__C)
                  000020dc    00000004     app_pem4f.oem4f (.const:ti_sysbios_heaps_HeapCallback_allocInstFxn__C)
                  000020e0    00000004     app_pem4f.oem4f (.const:ti_sysbios_heaps_HeapCallback_createInstFxn__C)
                  000020e4    00000004     app_pem4f.oem4f (.const:ti_sysbios_heaps_HeapCallback_deleteInstFxn__C)
                  000020e8    00000004     app_pem4f.oem4f (.const:ti_sysbios_heaps_HeapCallback_freeInstFxn__C)
                  000020ec    00000004     app_pem4f.oem4f (.const:ti_sysbios_heaps_HeapCallback_getStatsInstFxn__C)
                  000020f0    00000004     app_pem4f.oem4f (.const:ti_sysbios_heaps_HeapCallback_initInstFxn__C)
                  000020f4    00000004     app_pem4f.oem4f (.const:ti_sysbios_heaps_HeapCallback_isBlockingInstFxn__C)
                  000020f8    00000004     app_pem4f.oem4f (.const:ti_sysbios_knl_Clock_tickPeriod__C)
                  000020fc    00000004     app_pem4f.oem4f (.const:ti_sysbios_knl_Idle_funcList__A)

.cinit     0    00016840    000004d0     
                  00016840    0000046c     (.cinit..data.load) [load image, compression = lzss]
                  00016cac    0000000c     (__TI_handler_table)
                  00016cb8    00000008     (.cinit..bss.load) [load image, compression = zero_init]
                  00016cc0    00000008     (.cinit..data:RAM_MAC_BASE_ADDR.load) [load image, compression = zero_init]
                  00016cc8    00000008     (.cinit..data:xdcRomConstPtr.load) [load image, compression = lzss]
                  00016cd0    00000008     (.cinit..data:xdcRomExternFuncPtr.load) [load image, compression = lzss]
                  00016cd8    00000008     (.cinit..data:xdcRomStatePtr.load) [load image, compression = lzss]
                  00016ce0    00000030     (__TI_cinit_table)

.init_array 
*          0    00000000    00000000     UNINITIALIZED

.TI.bound:flashBuf0 
*          0    0004e000    00008000     UNINITIALIZED
                  0004e000    00008000     ti_drivers_config.obj (.TI.bound:flashBuf0)

.ccfg      0    00057fa8    00000058     
                  00057fa8    00000058     ti_devices_config.obj (.ccfg:retain)

.data:xdcRomConstPtr 
*          0    20000100    00000004     UNINITIALIZED
                  20000100    00000004     app_pem4f.oem4f (.data:xdcRomConstPtr)

.data:xdcRomExternFuncPtr 
*          0    20000104    00000004     UNINITIALIZED
                  20000104    00000004     app_pem4f.oem4f (.data:xdcRomExternFuncPtr)

.data:xdcRomStatePtr 
*          0    20000108    00000004     UNINITIALIZED
                  20000108    00000004     app_pem4f.oem4f (.data:xdcRomStatePtr)

.data      0    20000120    000028ed     UNINITIALIZED
                  20000120    000008c4     macTask.obj (.data:$O13$$)
                  200009e4    000006c4     main.obj (.data:$O11$$)
                  200010a8    00000504     cui.obj (.data:$O9$$)
                  200015ac    00000338     cllc.obj (.data:$O7$$)
                  200018e4    000001b0     mac_settings.obj (.data:$O14$$)
                  20001a94    000001b0     csf.obj (.data:$O5$$)
                  20001c44    0000018c     maclib_osal_tirtos_cc13x2_26x2.a : osal_port.obj (.data:$O25$$)
                  20001dd0    00000170     drivers_cc13x2.a : PowerCC26X2.oem4f (.data:PowerCC26X2_module)
                  20001f40    0000010c     app_pem4f.oem4f (.data:ROM_stateStruct)
                  2000204c    000000c4     collector.obj (.data:$O4$$)
                  20002110    000000a8     maclib_secure_cc13x2.a : mac.obj (.data:$O17$$)
                  200021b8    000000a0     mac_cfg.obj (.data:macMRFSKGenPhyTable)
                  20002258    00000078     nvocmp.obj (.data:$O15$$)
                  200022d0    00000074     ti_radio_config.obj (.data:$O2$$)
                  20002344    0000006c     maclib_secure_cc13x2.a : hmac_global.obj (.data:fhObject)
                  200023b0    00000058     csf.obj (.data:appSubMenu)
                  20002408    00000054     maclib_secure_cc13x2.a : fh_global.obj (.data:FHIE_channelPlan)
                  2000245c    0000004c     app_pem4f.oem4f (.data:ti_sysbios_knl_Task_Object__table__V)
                  200024a8    00000048     app_pem4f.oem4f (.data:ti_sysbios_family_arm_cc26xx_Timer_Object__table__V)
                  200024f0    00000040     maclib_secure_cc13x2.a : mac_radio.obj (.data:$O19$$)
                  20002530    00000040     csf.obj (.data:commissionSubMenu)
                  20002570    00000040     csf.obj (.data:configureSubMenu)
                  200025b0    00000040     csf.obj (.data:csfMainMenu)
                  200025f0    00000038     app_pem4f.oem4f (.data:ti_sysbios_gates_GateMutex_Object__table__V)
                  20002628    00000034     api_mac.obj (.data:$O12$$)
                  2000265c    00000034     maclib_secure_cc13x2.a : hmac_global.obj (.data:macBeaconPayload)
                  20002690    00000030                            : hmac_global.obj (.data)
                  200026c0    00000030     app_pem4f.oem4f (.data:ti_sysbios_knl_Swi_Module_State_0_readyQ__A)
                  200026f0    00000030     app_pem4f.oem4f (.data:ti_sysbios_knl_Swi_Object__table__V)
                  20002720    00000030     app_pem4f.oem4f (.data:ti_sysbios_knl_Task_Module_State_0_readyQ__A)
                  20002750    00000028     maclib_secure_cc13x2.a : mac_symbol_timer.obj (.data:$O22$$)
                  20002778    00000028     ti_radio_config.obj (.data:pOverrides_2gfsk50kbps154g)
                  200027a0    00000024     maclib_secure_cc13x2.a : mac_tx.obj (.data:$O23$$)
                  200027c4    00000024     driverlib.lib : osc.obj (.data:$O27$$)
                  200027e8    00000024     maclib_secure_cc13x2.a : hmac_global.obj (.data:macActionSet)
                  2000280c    00000004                            : mac_autopend.obj (.data:$O18$$)
                  20002810    00000020     drivers_cc13x2.a : TRNGCC26XX.oem4f (.data:entropyPoolBuffer)
                  20002830    00000020     mac_cfg.obj (.data:macBeaconMargin)
                  20002850    00000020     app_pem4f.oem4f (.data:ti_sysbios_knl_Clock_Object__table__V)
                  20002870    00000020     app_pem4f.oem4f (.data:xdc_runtime_Error_IgnoreBlock)
                  20002890    00000018     app_pem4f.oem4f (.data:ti_sysbios_family_arm_m3_Hwi_Object__table__V)
                  200028a8    00000014     maclib_secure_cc13x2.a : mac_radio_tx.obj (.data:$O24$$)
                  200028bc    00000014                            : hmac_global.obj (.data:macStateTbl)
                  200028d0    00000010     maclib_osal_tirtos_cc13x2_26x2.a : osal_port_timers.obj (.data:$O26$$)
                  200028e0    00000010     ti_drivers_config.obj (.data:gpioCallbackFunctions)
                  200028f0    00000010     ti_drivers_config.obj (.data:gpioPinConfigs)
                  20002900    00000010     mac_cfg.obj (.data:macCfg)
                  20002910    0000000f     maclib_secure_cc13x2.a : mac.obj (.data)
                  2000291f    00000001     drivers_cc13x2.a : AESCCMCC26XX.oem4f (.data)
                  20002920    0000000c     maclib_secure_cc13x2.a : mac_hl_patch.obj (.data:$O16$$)
                  2000292c    0000000c                            : fh_global.obj (.data:FH_FSM)
                  20002938    0000000c     app_pem4f.oem4f (.data:ti_sysbios_heaps_HeapCallback_Object__table__V)
                  20002944    00000008     rtsv7M4_T_le_v4SPD16_eabi.lib : _lock.c.obj (.data:$O30$$)
                  2000294c    00000008     maclib_secure_cc13x2.a : fh_global.obj (.data:FH_txTiming)
                  20002954    00000008     drivers_cc13x2.a : PINCC26XX.oem4f (.data)
                  2000295c    00000008                      : TRNGCC26XX.oem4f (.data:jobList)
                  20002964    00000008     app_pem4f.oem4f (.data:ti_sysbios_family_arm_m3_Hwi_Module__root__V)
                  2000296c    00000008     app_pem4f.oem4f (.data:ti_sysbios_gates_GateHwi_Module__root__V)
                  20002974    00000008     app_pem4f.oem4f (.data:ti_sysbios_gates_GateMutexPri_Module__root__V)
                  2000297c    00000008     app_pem4f.oem4f (.data:ti_sysbios_gates_GateMutex_Module__root__V)
                  20002984    00000008     app_pem4f.oem4f (.data:ti_sysbios_hal_Hwi_Module__root__V)
                  2000298c    00000008     app_pem4f.oem4f (.data:ti_sysbios_heaps_HeapCallback_Module__root__V)
                  20002994    00000008     app_pem4f.oem4f (.data:ti_sysbios_heaps_HeapMem_Module__root__V)
                  2000299c    00000008     app_pem4f.oem4f (.data:ti_sysbios_knl_Clock_Module__root__V)
                  200029a4    00000008     app_pem4f.oem4f (.data:ti_sysbios_knl_Event_Module__root__V)
                  200029ac    00000008     app_pem4f.oem4f (.data:ti_sysbios_knl_Mailbox_Module__root__V)
                  200029b4    00000008     app_pem4f.oem4f (.data:ti_sysbios_knl_Queue_Module__root__V)
                  200029bc    00000008     app_pem4f.oem4f (.data:ti_sysbios_knl_Semaphore_Module__root__V)
                  200029c4    00000008     app_pem4f.oem4f (.data:ti_sysbios_knl_Swi_Module__root__V)
                  200029cc    00000008     app_pem4f.oem4f (.data:ti_sysbios_knl_Task_Module__root__V)
                  200029d4    00000005     drivers_cc13x2.a : GPIOCC26XX.oem4f (.data)
                  200029d9    00000001                      : NVS.oem4f (.data)
                  200029da    00000005                      : TemperatureCC26X2.oem4f (.data)
                  200029df    00000001                      : PWM.oem4f (.data)
                  200029e0    00000004                      : GPIOCC26XX.oem4f (.data:gpioPinTable)
                  200029e4    00000004     maclib_secure_cc13x2.a : fh_global.obj (.data:macAddrSize)
                  200029e8    00000004     maclib_osal_tirtos_cc13x2_26x2.a : osal_port.obj (.data)
                  200029ec    00000004     maclib_secure_cc13x2.a : lmac_global.obj (.data)
                  200029f0    00000004     rtsv7M4_T_le_v4SPD16_eabi.lib : errno.c.obj (.data)
                  200029f4    00000004                                   : stkdepth_vars.c.obj (.data)
                  200029f8    00000004     app_pem4f.oem4f (.data:ti_sysbios_family_arm_m3_Hwi_Module_State_0_excContext__A)
                  200029fc    00000004     app_pem4f.oem4f (.data:ti_sysbios_family_arm_m3_Hwi_Module_State_0_excStack__A)
                  20002a00    00000004     app_pem4f.oem4f (.data:ti_sysbios_knl_Task_Module_State_0_idleTask__A)
                  20002a04    00000002     drivers_cc13x2.a : CryptoResourceCC26XX.oem4f (.data)
                  20002a06    00000002                      : TRNGCC26XX.oem4f (.data)
                  20002a08    00000002     app_pem4f.oem4f (.data:ti_sysbios_family_arm_m3_Hwi_Module_State_0_excActive__A)
                  20002a0a    00000001     drivers_cc13x2.a : UART.oem4f (.data)
                  20002a0b    00000001     maclib_secure_cc13x2.a : mac_sleep.obj (.data)
                  20002a0c    00000001     rf_multiMode_cc13x2.aem4f : rf_patch_cpe_prop.c.cc13x2.ccs.o (.data)

.bss       0    20002a10    00001561     UNINITIALIZED
                  20002a10    000004f0     rf_multiMode_cc13x2.aem4f : RFCC26X2_multiMode.c.cc13x2.ccs.o (.bss:$O1$$)
                  20002f00    00000200     app_pem4f.oem4f (.bss:taskStackSection)
                  20003100    000001b4     (.common:uartCC26XXObjects)
                  200032b4    000000fc     (.common:enhancedAckBuf)
                  200033b0    000000f8     maclib_secure_cc13x2.a : mac_radio.obj (.bss:RF_object$20)
                  200034a8    000000d8     (.common:ti_sysbios_family_arm_m3_Hwi_dispatchTable)
                  20003580    000000b8     (.common:LEDObjects)
                  20003638    0000008c     (.common:FHPIB_db)
                  200036c4    00000088     (.common:FH_hnd)
                  2000374c    00000088     (.common:macPib)
                  200037d4    0000007c     (.common:pinHandleTable)
                  20003850    0000007a     (.common:FHNT_tableOpt)
                  200038ca    00000001                            : mac_tx.obj (.bss)
                  200038cb    00000001     rf_multiMode_cc13x2.aem4f : RFCC26X2_multiMode.c.cc13x2.ccs.o (.bss)
                  200038cc    00000054     (.common:macScan)
                  20003920    00000050     drivers_cc13x2.a : PINCC26XX.oem4f (.bss:pinSemaphore)
                  20003970    00000050     (.common:ButtonObjects)
                  200039c0    00000050     (.common:CryptoResourceCC26XX_accessSemaphore)
                  20003a10    00000050     (.common:CryptoResourceCC26XX_operationSemaphore)
                  20003a60    0000004c     (.common:cuiMultiMenuData)
                  20003aac    00000042     (.common:FHFSM_Dbg)
                  20003aee    00000001     (.common:driverlib_release_0_58048)
                  20003aef    00000001     (.common:macMgmt)
                  20003af0    00000040     (.common:macSecurityPib)
                  20003b30    0000003c     (.common:macBeaconCoord)
                  20003b6c    00000038     (.common:FHNT_hnd)
                  20003ba4    00000038     (.common:macDeviceAction1)
                  20003bdc    00000034                      : PINCC26XX.oem4f (.bss:pinSwi)
                  20003c10    00000034     (.common:macBeaconDevice)
                  20003c44    00000030     (.common:macMgmtAction1)
                  20003c74    0000002c     (.common:macCoord)
                  20003ca0    0000002c     (.common:macDevice)
                  20003ccc    00000028     maclib_secure_cc13x2.a : mac_rx.obj (.bss:$O20$$)
                  20003cf4    00000020     drivers_cc13x2.a : GPIOCC26XX.oem4f (.bss:gpioCallbackInfo)
                  20003d14    00000020                      : PINCC26XX.oem4f (.bss:pinGpioConfigTable)
                  20003d34    00000020     ti_drivers_config.obj (.bss:uartCC26XXRingBuffer0)
                  20003d54    00000020     (.common:macBeacon)
                  20003d74    0000001c     drivers_cc13x2.a : TRNGCC26XX.oem4f (.bss:TRNGCC26XX_hwi)
                  20003d90    0000001c                      : TRNGCC26XX.oem4f (.bss:entropyPool)
                  20003dac    0000001c                      : PINCC26XX.oem4f (.bss:pinHwi)
                  20003dc8    0000001c     (.common:CryptoResourceCC26XX_hwi)
                  20003de4    0000001c     (.common:macCoordAction2)
                  20003e00    0000001c     (.common:macReset)
                  20003e1c    00000018     (.common:aesccmCC26XXObjects)
                  20003e34    00000018     (.common:macScanAction)
                  20003e4c    00000014     rf_multiMode_cc13x2.aem4f : RFCC26X2_multiMode.c.cc13x2.ccs.o (.bss:RF_ratSyncCmd)
                  20003e60    00000014     drivers_cc13x2.a : Random.oem4f (.bss:state)
                  20003e74    00000014     (.common:macDeviceAction2)
                  20003e88    00000014     (.common:macMgmtAction2)
                  20003e9c    00000010     (.common:macBeaconDeviceAction)
                  20003eac    00000010     (.common:macCoordAction3)
                  20003ebc    00000010     (.common:macData)
                  20003ecc    00000010     (.common:macDataTxDelay)
                  20003edc    0000000c                      : NVSCC26XX.oem4f (.bss)
                  20003ee8    0000000c                      : GPIOCC26XX.oem4f (.bss:gpioPinState)
                  20003ef4    0000000c     (.common:FH_PibTbl)
                  20003f00    0000000c     (.common:macMain)
                  20003f0c    00000008                      : GPIOCC26XX.oem4f (.bss)
                  20003f14    00000008                      : TemperatureCC26X2.oem4f (.bss:notificationList)
                  20003f1c    00000008     (.common:FHNT_tempTable)
                  20003f24    00000008     (.common:macBeaconCoordAction1)
                  20003f2c    00000008     (.common:macCoordAction1)
                  20003f34    00000006     (.common:FHNT_Dbg)
                  20003f3a    00000001     (.common:macPanCoordinator)
                  20003f3b    00000001     (.common:macPhyChannel)
                  20003f3c    00000004                      : PINCC26XX.oem4f (.bss)
                  20003f40    00000004     (.common:AESCCM_handle)
                  20003f44    00000004     (.common:FH_test_var)
                  20003f48    00000004     (.common:PowerCC26XX_swiKey)
                  20003f4c    00000004     (.common:PowerCC26XX_taskKey)
                  20003f50    00000004     (.common:macCryptoDrvTblPtr)
                  20003f54    00000004     (.common:macRxSymbol)
                  20003f58    00000004     (.common:macTimerActive)
                  20003f5c    00000004     (.common:nvsCC26XXObjects)
                  20003f60    00000004     (.common:timerAlignedQ)
                  20003f64    00000004     (.common:timerUnalignedQ)
                  20003f68    00000001     (.common:macPwr)
                  20003f69    00000001     (.common:macRxActive)
                  20003f6a    00000001     (.common:macRxEnableFlags)
                  20003f6b    00000001     (.common:macRxOutgoingAckFlag)
                  20003f6c    00000001     (.common:macSymbolTimerImpending)
                  20003f6d    00000001     (.common:macTaskId)
                  20003f6e    00000001     (.common:macTxActive)
                  20003f6f    00000001     (.common:macUnitBackoffPeriod)
                  20003f70    00000001     (.common:rxFhRsl)

.vtable    0    20003f71    00000000     UNINITIALIZED

.vtable_ram 
*          0    20003f71    00000000     UNINITIALIZED

vtable_ram 
*          0    20003f71    00000000     UNINITIALIZED

.sysmem    0    20003f71    00000000     UNINITIALIZED

.nonretenvar 
*          0    20003f71    00000000     UNINITIALIZED

.stack     0    20013aa0    00000560     UNINITIALIZED
                  20013aa0    00000560     --HOLE--

.bootVecs 
*          0    00000000    00000008     DSECT
                  00000000    00000008     boot.aem4f : boot.oem4f (.bootVecs)

.resetVecs 
*          0    00000000    0000003c     
                  00000000    0000003c     app_pem4f.oem4f (.resetVecs)

.vecs      0    20000000    000000d8     NOLOAD SECTION
                  20000000    000000d8     app_pem4f.oem4f (.vecs)

xdc.meta   0    00000000    00000121     COPY SECTION
                  00000000    00000121     app_pem4f.oem4f (xdc.meta)

xdc.noload 
*          0    00000000    00000000     COPY SECTION

.data:RAM_MAC_BASE_ADDR 
*          0    2000010c    00000010     UNINITIALIZED
                  2000010c    00000010     maclib_secure_cc13x2.a : rom_init_154.obj (.data:RAM_MAC_BASE_ADDR)

.text.1    0    00002100    0001473c     
                  00002100    00000434     nvocmp.obj (.text:NVOCMP_initNv$14)
                  00002534    000003f4     mac_user_config.obj (.text:rfSelect)
                  00002928    000003ee     csf.obj (.text:Csf_processEvents)
                  00002d16    00000002     rf_multiMode_cc13x2.aem4f : rfc.c.cc13x2.ccs.o (.text:NOROM_RFCCpePatchReset)
                  00002d18    000003a4     maclib_secure_cc13x2.a : mac.obj (.text:macRxCb)
                  000030bc    000003a0     csf.obj (.text:Csf_init)
                  0000345c    00000378     collector.obj (.text:processSensorData$3)
                  000037d4    0000036e     api_mac.obj (.text:processIncomingICallMsg$8)
                  00003b42    00000002     rf_multiMode_cc13x2.aem4f : RFCC26X2_multiMode.c.cc13x2.ccs.o (.text:RF_defaultCallback)
                  00003b44    00000354     maclib_secure_cc13x2.a : mac_rx.obj (.text:rxPayloadIsr$21)
                  00003e98    00000310                            : mac_radio_tx.obj (.text:macRadioCsmaTxCb)
                  000041a8    000002c0     nvocmp.obj (.text:NVOCMP_compactPage$14)
                  00004468    00000294     maclib_secure_cc13x2.a : mac_tx.obj (.text:macTxFrame)
                  000046fc    00000280                            : mac_pwr.obj (.text:macPwrVote)
                  0000497c    00000274     nvocmp.obj (.text:NVOCMP_compact$14)
                  00004bf0    0000025c     maclib_secure_cc13x2.a : mac_tx.obj (.text:txCsmaPrep$24)
                  00004e4c    00000244     collector.obj (.text:dataIndCB$3)
                  00005090    00000230     csf.obj (.text:setChMaskAction$4)
                  000052c0    0000021c     maclib_secure_cc13x2.a : mac.obj (.text:macSendReceiveCmdIeee)
                  000054dc    00000218                            : mac_radio.obj (.text:macRadioInitSubG)
                  000056f4    00000210     rf_multiMode_cc13x2.aem4f : RFCC26X2_multiMode.c.cc13x2.ccs.o (.text:RF_scheduleCmd)
                  00005904    0000020c     maclib_secure_cc13x2.a : mac.obj (.text:macSendReceiveCmdSubG)
                  00005b10    00000208     nvocmp.obj (.text:NVOCMP_addItem$14)
                  00005d18    00000200     rf_multiMode_cc13x2.aem4f : RFCC26X2_multiMode.c.cc13x2.ccs.o (.text:RF_open)
                  00005f18    000001e0     maclib_secure_cc13x2.a : mac_hl_patch.obj (.text:macWrapperAddKeyInitFCtr)
                  000060f8    000001d4     rf_multiMode_cc13x2.aem4f : RFCC26X2_multiMode.c.cc13x2.ccs.o (.text:RF_dispatchNextCmd)
                  000062cc    000001cc     drivers_cc13x2.a : PINCC26XX.oem4f (.text:PIN_init)
                  00006498    000001c8     csf.obj (.text:setNwkKeyAction$4)
                  00006660    000001b4     maclib_secure_cc13x2.a : mac_radio_tx.obj (.text:macRadioTxAck$28)
                  00006814    000001ac                            : mac_hl_patch.obj (.text:macRxBeaconCritical)
                  000069c0    000001a4                            : mac_hl_patch.obj (.text:macWrapperDeleteKeyAndAssociatedDevices)
                  00006b64    00000198     drivers_cc13x2.a : PowerCC26X2.oem4f (.text:Power_sleep)
                  00006cfc    00000198     maclib_secure_cc13x2.a : mac_hl_patch.obj (.text:macWrapperDeleteDevice)
                  00006e94    00000190     drivers_cc13x2.a : PowerCC26X2_calibrateRCOSC.oem4f (.text:calibrateRcoscHf1)
                  00007024    0000018c     maclib_secure_cc13x2.a : mac_hl_patch.obj (.text:macIncomingFrameSecurity)
                  000071b0    0000018c     drivers_cc13x2.a : PowerCC26X2_calibrateRCOSC.oem4f (.text:runCalibrateFsm)
                  0000733c    00000188     maclib_secure_cc13x2.a : mac_radio_tx.obj (.text:macRadioTxGoIeee$28)
                  000074c4    00000186     drivers_cc13x2.a : Button.oem4f (.text:Button_clockTimeoutHandler)
                  0000764a    00000002     rtsv7M4_T_le_v4SPD16_eabi.lib : _lock.c.obj (.text:_nop)
                  0000764c    00000180     csf.obj (.text:setPanIdAction$4)
                  000077cc    00000174     drivers_cc13x2.a : PowerCC26X2.oem4f (.text:Power_init)
                  00007940    0000016c     maclib_secure_cc13x2.a : mac_radio_tx.obj (.text:macRadioTxPrepCsmaUnslotted)
                  00007aac    00000164     drivers_cc13x2.a : UARTCC26XX.oem4f (.text:UARTCC26XX_open)
                  00007c10    00000164     maclib_secure_cc13x2.a : mac_hl_patch.obj (.text:macWrapperDeleteAllDevices)
                  00007d74    00000164                            : mac_tx.obj (.text:txCsmaDelay)
                  00007ed8    00000160     driverlib.lib : sys_ctrl.obj (.text:NOROM_SysCtrlStandby)
                  00008038    00000154     nvocmp.obj (.text:NVOCMP_findItem$14)
                  0000818c    00000154     rf_multiMode_cc13x2.aem4f : RFCC26X2_multiMode.c.cc13x2.ccs.o (.text:RF_radioOpDoneCb)
                  000082e0    00000154     drivers_cc13x2.a : UARTCC26XX.oem4f (.text:UARTCC26XX_hwiIntFxn)
                  00008434    00000148     rf_multiMode_cc13x2.aem4f : RFCC26X2_multiMode.c.cc13x2.ccs.o (.text:RF_fsmSetupState)
                  0000857c    00000148     collector.obj (.text:dataCnfCB$3)
                  000086c4    00000148     maclib_secure_cc13x2.a : mac_radio_tx.obj (.text:macRadioLbtTxCb)
                  0000880c    00000148     csf.obj (.text:sensorSelectAction$4)
                  00008954    00000144     csf.obj (.text:updateCollectorStatusLine$4)
                  00008a98    00000140     drivers_cc13x2.a : AESCCMCC26XX.oem4f (.text:AESCCM_startOperation)
                  00008bd8    00000140     rf_multiMode_cc13x2.aem4f : RFCC26X2_multiMode.c.cc13x2.ccs.o (.text:RF_close)
                  00008d18    0000013c                               : RFCC26X2_multiMode.c.cc13x2.ccs.o (.text:RF_ratSetupChannel)
                  00008e54    0000013a     drivers_cc13x2.a : UARTCC26XX.oem4f (.text:UARTCC26XX_read)
                  00008f8e    00000002                      : PowerCC26X2.oem4f (.text:emptyClockFunc)
                  00008f90    00000138     cui.obj (.text:CUI_dispMenu$6)
                  000090c8    00000138     drivers_cc13x2.a : NVSCC26XX.oem4f (.text:NVSCC26XX_write)
                  00009200    00000138     maclib_secure_cc13x2.a : mac_hl_patch.obj (.text:macBuildDataFrame)
                  00009338    00000134     rf_multiMode_cc13x2.aem4f : RFCC26X2_multiMode.c.cc13x2.ccs.o (.text:RF_abortCmd)
                  0000946c    00000134     collector.obj (.text:generateTrackingRequests$3)
                  000095a0    00000130     cui.obj (.text:CUI_init)
                  000096d0    00000130     maclib_secure_cc13x2.a : mac_radio.obj (.text:macRadioInitIeee)
                  00009800    00000130     rtsv7M4_T_le_v4SPD16_eabi.lib : strtol.c.obj (.text:strtol)
                  00009930    00000124     cui.obj (.text:CUI_statusLinePrintf)
                  00009a54    00000120     csf.obj (.text:Csf_deviceUpdate)
                  00009b74    00000120     drivers_cc13x2.a : PowerCC26X2.oem4f (.text:configureXOSCHF)
                  00009c94    00000118     maclib_secure_cc13x2.a : mac_low_level.obj (.text:macLowLevelBufferInit)
                  00009dac    00000118                            : mac.obj (.text:macSetupRATChanCompare)
                  00009ec4    00000118     csf.obj (.text:sensorSetReportInterval$4)
                  00009fdc    00000114     macTask.obj (.text:MAC_CbackEvent)
                  0000a0f0    00000112     rf_multiMode_cc13x2.aem4f : RFCC26X2_multiMode.c.cc13x2.ccs.o (.text:RF_decodeOverridePointers)
                  0000a202    00000002     drivers_cc13x2.a : CryptoResourceCC26XX.oem4f (.text:errorSpin)
                  0000a204    00000110     cui.obj (.text:CUI_menuActionHelp)
                  0000a314    00000110     drivers_cc13x2.a : GPIOCC26XX.oem4f (.text:GPIO_setConfig)
                  0000a424    00000110                      : LED.oem4f (.text:LED_open)
                  0000a534    00000110     rf_multiMode_cc13x2.aem4f : RFCC26X2_multiMode.c.cc13x2.ccs.o (.text:RF_initRadioSetup)
                  0000a644    00000110     maclib_secure_cc13x2.a : mac_hl_patch.obj (.text:macEdScanISR)
                  0000a754    00000110                            : mac_hl_patch.obj (.text:macScanNextChan)
                  0000a864    00000106     app_pem4f.oem4f (.text:xdc_runtime_System_printfExtend__I)
                  0000a96a    00000002     maclib_secure_cc13x2.a : mac_pwr.obj (.text:macApiPwrOnReq)
                  0000a96c    00000104     rf_multiMode_cc13x2.aem4f : RFCC26X2_multiMode.c.cc13x2.ccs.o (.text:RF_hwiCpe0Active)
                  0000aa70    00000100     cui.obj (.text:CUI_statusLineResourceRequest)
                  0000ab70    000000fc     collector.obj (.text:Collector_init)
                  0000ac6c    000000fc     maclib_secure_cc13x2.a : mac_hl_patch.obj (.text:macOutgoingFrameKeyDescRetrieval)
                  0000ad68    000000f8     drivers_cc13x2.a : PINCC26XX.oem4f (.text:PINCC26XX_setIoCfg)
                  0000ae60    000000f0     rf_multiMode_cc13x2.aem4f : RFCC26X2_multiMode.c.cc13x2.ccs.o (.text:RF_fsmPowerUpState)
                  0000af50    000000f0     maclib_secure_cc13x2.a : mac_hl_patch.obj (.text:macScanRxCoordRealign)
                  0000b040    000000ec     nvocmp.obj (.text:NVOCMP_cleanPage$14)
                  0000b12c    000000e8     drivers_cc13x2.a : Button.oem4f (.text:Button_open)
                  0000b214    000000e8     cui.obj (.text:CUI_writeString$6)
                  0000b2fc    000000e8     maclib_secure_cc13x2.a : mac.obj (.text:macSetupReceiveCmd)
                  0000b3e4    000000e4                            : mac_hl_patch.obj (.text:macOutgoingFrameSecurity)
                  0000b4c8    000000e4                            : mac_tx.obj (.text:macTxChannelBusyCallback)
                  0000b5ac    000000e4                            : mac_rx.obj (.text:rxPostRxUpdates$21)
                  0000b690    000000e0     drivers_cc13x2.a : UARTCC26XX.oem4f (.text:UARTCC26XX_write)
                  0000b770    000000dc     collector.obj (.text:Collector_sendConfigRequest)
                  0000b84c    000000dc     maclib_secure_cc13x2.a : mac_hl_patch.obj (.text:macBuildHeaderIes)
                  0000b928    000000d8     rf_multiMode_cc13x2.aem4f : RFCC26X2_multiMode.c.cc13x2.ccs.o (.text:RF_control)
                  0000ba00    000000d8                               : RFCC26X2_multiMode.c.cc13x2.ccs.o (.text:RF_pendCmd)
                  0000bad8    000000d8     driverlib.lib : setup.obj (.text:TrimAfterColdResetWakeupFromShutDown$47)
                  0000bbb0    000000d8     maclib_secure_cc13x2.a : mac_hl_patch.obj (.text:macCcmStarTransform)
                  0000bc88    000000d8     collector.obj (.text:sendMsg$3)
                  0000bd60    000000d2     rf_multiMode_cc13x2.aem4f : RFCC26X2_multiMode.c.cc13x2.ccs.o (.text:RF_updatePaConfiguration)
                  0000be32    00000002     maclib_secure_cc13x2.a : mac_mcu.obj (.text:macMcuBitReverse)
                  0000be34    000000d0     rf_multiMode_cc13x2.aem4f : RFCC26X2_multiMode.c.cc13x2.ccs.o (.text:RF_swiHw)
                  0000bf04    000000cc     maclib_secure_cc13x2.a : mac_timer.obj (.text:macSymbolTimerTriggerCallback)
                  0000bfd0    000000c8     dpl_cc13x2.a : PowerCC26X2_tirtos.oem4f (.text:PowerCC26XX_standbyPolicy)
                  0000c098    000000c4     cllc.obj (.text:Cllc_removeDevice)
                  0000c15c    000000c4     drivers_cc13x2.a : GPIOCC26XX.oem4f (.text:GPIO_init)
                  0000c220    000000c4     maclib_secure_cc13x2.a : mac_hl_patch.obj (.text:macApiStartReq)
                  0000c2e4    000000c0     nvocmp.obj (.text:NVOCMP_erase$14)
                  0000c3a4    000000c0     drivers_cc13x2.a : PowerCC26X2.oem4f (.text:Power_releaseDependency)
                  0000c464    000000c0                      : UARTCC26XX.oem4f (.text:UARTCC26XX_initIO)
                  0000c524    000000c0     maclib_secure_cc13x2.a : mac_hl_patch.obj (.text:macMgmtReset)
                  0000c5e4    000000bc                            : mac_hl_patch.obj (.text:macAutoPoll)
                  0000c6a0    000000bc                            : mac.obj (.text:macGetRFCmdDuration)
                  0000c75c    000000b8     drivers_cc13x2.a : PowerCC26X2.oem4f (.text:Power_setDependency)
                  0000c814    000000b8                      : UARTCC26XX.oem4f (.text:UARTCC26XX_initHw)
                  0000c8cc    000000b4     maclib_secure_cc13x2.a : mac_pwr.obj (.text:MAC_PwrOffReq)
                  0000c980    000000b4     drivers_cc13x2.a : TRNGCC26XX.oem4f (.text:TRNG_generateEntropy)
                  0000ca34    000000b4     cllc.obj (.text:assocIndCb$5)
                  0000cae8    000000b0     maclib_secure_cc13x2.a : mac_autopend.obj (.text:MAC_SrcMatchAddEntry)
                  0000cb98    000000b0                            : mac.obj (.text:macStopCmd)
                  0000cc48    000000ac     nvocmp.obj (.text:NVOCMP_readContItemApi$14)
                  0000ccf4    000000ac     drivers_cc13x2.a : PINCC26XX.oem4f (.text:PIN_open)
                  0000cda0    000000ac     maclib_secure_cc13x2.a : mac_hl_patch.obj (.text:macApiBeaconStartReq)
                  0000ce4c    000000ac                            : mac_hl_patch.obj (.text:macBeaconCheckTxTime)
                  0000cef8    000000ac     macTask.obj (.text:macTaskInit)
                  0000cfa4    000000ac     api_mac.obj (.text:processBeaconNotifyInd$8)
                  0000d050    000000a8     driverlib.lib : setup.obj (.text:NOROM_SetupTrimDevice)
                  0000d0f8    000000a8     nvocmp.obj (.text:NVOCMP_initNvApi$14)
                  0000d1a0    000000a8     maclib_secure_cc13x2.a : mac_radio_tx.obj (.text:macRadioTxAckCb$28)
                  0000d248    000000a8                            : mac_hl_patch.obj (.text:macTrackTimeoutCallback)
                  0000d2f0    000000a4     rf_multiMode_cc13x2.aem4f : RFCC26X2_multiMode.c.cc13x2.ccs.o (.text:RF_ratRestartChannels)
                  0000d394    000000a4     maclib_secure_cc13x2.a : mac_hl_patch.obj (.text:macCcmStarInverseTransform)
                  0000d438    000000a4                            : mac_radio_tx.obj (.text:macRadioTxPrepLbt)
                  0000d4dc    000000a4                            : mac_radio.obj (.text:macRadioUpdateTxPower)
                  0000d580    000000a0     rf_multiMode_cc13x2.aem4f : RFCC26X2_multiMode.c.cc13x2.ccs.o (.text:RF_requestAccess)
                  0000d620    000000a0     auto_init.aem4f : auto_init.oem4f (.text)
                  0000d6c0    000000a0     maclib_secure_cc13x2.a : mac_hl_patch.obj (.text:macBlacklistChecking)
                  0000d760    000000a0     rom_sysbios.aem4f : rom_sysbios.obj (.text:ti_sysbios_knl_Task_setPri__E)
                  0000d800    0000009c     cllc.obj (.text:Cllc_init)
                  0000d89c    0000009c     nvocmp.obj (.text:NVOCMP_readHeader$14)
                  0000d938    0000009c     maclib_secure_cc13x2.a : mac_radio.obj (.text:macRadioStartScan)
                  0000d9d4    0000009c                            : mac_timer.obj (.text:macTimerRealign)
                  0000da70    0000009c     rtsv7M4_T_le_v4SPD16_eabi.lib : memcpy_t2.asm.obj (.text)
                  0000db0c    0000009c     maclib_secure_cc13x2.a : mac_tx.obj (.text:txComplete)
                  0000dba8    00000098     nvocmp.obj (.text:NVOCMP_updateItemApi$14)
                  0000dc40    00000098     rf_multiMode_cc13x2.aem4f : RFCC26X2_multiMode.c.cc13x2.ccs.o (.text:RF_calculateDispatchTime)
                  0000dcd8    00000098     drivers_cc13x2.a : UARTCC26XX.oem4f (.text:writeTxFifoFlush)
                  0000dd70    00000096     rtsv7M4_T_le_v4SPD16_eabi.lib : ull_div_t2.asm.obj (.text)
                  0000de06    00000002     maclib_secure_cc13x2.a : mac_radio.obj (.text:macRadioSetRE)
                  0000de08    00000094     csf.obj (.text:Csf_updateFrameCounter)
                  0000de9c    00000094     nvocmp.obj (.text:NVOCMP_getDstPage$14)
                  0000df30    00000094     rf_multiMode_cc13x2.aem4f : RFCC26X2_multiMode.c.cc13x2.ccs.o (.text:RF_getInfo)
                  0000dfc4    00000094     drivers_cc13x2.a : TRNGCC26XX.oem4f (.text:TRNGCC26XX_hwiFxn)
                  0000e058    00000094     maclib_secure_cc13x2.a : mac_hl_patch.obj (.text:macIncomingSecurityLevelChecking)
                  0000e0ec    00000094                            : mac_radio.obj (.text:macRadioUpdateChannel)
                  0000e180    00000094                            : mac_radio.obj (.text:macRadioUpdateChannelRx)
                  0000e214    00000094                            : mac.obj (.text:macRatCb_A)
                  0000e2a8    00000094                            : mac.obj (.text:macSetupFsCmd)
                  0000e33c    00000092     drivers_cc13x2.a : UARTCC26XX.oem4f (.text:UARTCC26XX_writeCancel)
                  0000e3ce    00000002     rtsv7M4_T_le_v4SPD16_eabi.lib : div0.asm.obj (.text)
                  0000e3d0    00000090     CC1352R1_LAUNCHXL_fxns.obj (.text:CC1352R1_LAUNCHXL_shutDownExtFlash)
                  0000e460    00000090     maclib_secure_cc13x2.a : mac_hl_patch.obj (.text:MAC_ResumeReq)
                  0000e4f0    00000090     rf_multiMode_cc13x2.aem4f : RFCC26X2_multiMode.c.cc13x2.ccs.o (.text:RF_discardPendCmd)
                  0000e580    00000090     maclib_secure_cc13x2.a : mac_hl_patch.obj (.text:macCcmDecrypt)
                  0000e610    00000090                            : mac_hl_patch.obj (.text:macTrackStartCallback)
                  0000e6a0    0000008c     maclib_osal_tirtos_cc13x2_26x2.a : osal_port.obj (.text:OsalPort_heapMalloc$41)
                  0000e72c    0000008c                                      : osal_port.obj (.text:OsalPort_setTimer)
                  0000e7b8    0000008c     api_mac.obj (.text:copyDataInd$8)
                  0000e844    0000008c     maclib_secure_cc13x2.a : mac_hl_patch.obj (.text:macCcmEncrypt)
                  0000e8d0    0000008c                            : mac_radio_tx.obj (.text:macRadioTxEnhAckCb)
                  0000e95c    0000008c     rom_sysbios.aem4f : rom_sysbios.obj (.text:ti_sysbios_gates_GateMutexPri_enter__E)
                  0000e9e8    00000088     maclib_secure_cc13x2.a : mac_autopend.obj (.text:MAC_SrcMatchEnable)
                  0000ea70    00000088     driverlib.lib : osc.obj (.text:NOROM_OSCHF_AttemptToSwitchToXosc)
                  0000eaf8    00000088     nvocmp.obj (.text:NVOCMP_deleteItemApi$14)
                  0000eb80    00000088     rf_multiMode_cc13x2.aem4f : RFCC26X2_multiMode.c.cc13x2.ccs.o (.text:RF_cmdDispatchTime)
                  0000ec08    00000088                               : RFCC26X2_multiMode.c.cc13x2.ccs.o (.text:RF_getTxPower)
                  0000ec90    00000088     drivers_cc13x2.a : PowerCC26X2_calibrateRCOSC.oem4f (.text:calibrateRcoscHf2)
                  0000ed18    00000088                      : PowerCC26X2.oem4f (.text:disableLFClockQualifiers)
                  0000eda0    00000088     maclib_secure_cc13x2.a : mac_hl_patch.obj (.text:macKeyDescriptorLookup)
                  0000ee28    00000088                            : mac_mcu.obj (.text:macMcuOverflowSetPeriod)
                  0000eeb0    00000088                            : mac_symbol_timer.obj (.text:macSymbolTimerInit)
                  0000ef38    00000088     drivers_cc13x2.a : PowerCC26X2_calibrateRCOSC.oem4f (.text:updateSubSecInc)
                  0000efc0    00000084     api_mac.obj (.text:ApiMac_init)
                  0000f044    00000084     cllc.obj (.text:Cllc_securityInit)
                  0000f0c8    00000084     nvocmp.obj (.text:NVOCMP_createItemApi$14)
                  0000f14c    00000084     rf_multiMode_cc13x2.aem4f : RFCC26X2_multiMode.c.cc13x2.ccs.o (.text:RF_issueRadioFreeCb)
                  0000f1d0    00000084                               : RFCC26X2_multiMode.c.cc13x2.ccs.o (.text:RF_verifyGap)
                  0000f254    00000084     drivers_cc13x2.a : UARTCC26XX.oem4f (.text:UARTCC26XX_close)
                  0000f2d8    00000084     maclib_secure_cc13x2.a : mac_rx_onoff.obj (.text:macRxOffRequest)
                  0000f35c    00000084                            : mac_timer.obj (.text:macTimerUpdateSymbolTimer)
                  0000f3e0    00000080     drivers_cc13x2.a : NVSCC26XX.oem4f (.text:NVSCC26XX_open)
                  0000f460    00000080     cllc.obj (.text:beaconNotifyIndCb$5)
                  0000f4e0    00000080     maclib_secure_cc13x2.a : mac_mcu.obj (.text:macMcuOverflowSetCompare)
                  0000f560    00000080                            : mac_radio.obj (.text:macRadioWakeupCb)
                  0000f5e0    00000080                            : mac_autopend.obj (.text:macSrcMatchCheckSrcAddr$17)
                  0000f660    00000080     cllc.obj (.text:scanCnfCb$5)
                  0000f6e0    00000080     maclib_secure_cc13x2.a : mac_radio.obj (.text:scheduleNopWakeupCmd)
                  0000f760    00000080     rom_sysbios.aem4f : rom_sysbios.obj (.text:ti_sysbios_family_arm_cc26xx_Timer_start__E)
                  0000f7e0    00000080     maclib_secure_cc13x2.a : mac_tx.obj (.text:txGo$24)
                  0000f860    0000007c     csf.obj (.text:Csf_getDeviceItem)
                  0000f8dc    0000007c     nvocmp.obj (.text:NVOCMP_readItemApi$14)
                  0000f958    0000007c     rf_multiMode_cc13x2.aem4f : RFCC26X2_multiMode.c.cc13x2.ccs.o (.text:RF_ratFreeChannel)
                  0000f9d4    0000007c     maclib_secure_cc13x2.a : mac_rx_onoff.obj (.text:macRxOn)
                  0000fa50    0000007c     maclib_osal_tirtos_cc13x2_26x2.a : osal_port.obj (.text:osalHeapInitFxn)
                  0000facc    0000007a     rtsv7M4_T_le_v4SPD16_eabi.lib : memset_t2.asm.obj (.text)
                  0000fb46    00000002     app_pem4f.oem4f (.text:ti_sysbios_BIOS_nullFunc__I)
                  0000fb48    00000078     cllc.obj (.text:Cllc_restoreNetwork)
                  0000fbc0    00000078     nvocmp.obj (.text:NVOCMP_checkItem$14)
                  0000fc38    00000078     maclib_secure_cc13x2.a : mac_timer.obj (.text:macTimerSetRollover)
                  0000fcb0    00000074     csf.obj (.text:Csf_getDevice)
                  0000fd24    00000074     nvocmp.obj (.text:NVOCMP_writeItemApi$14)
                  0000fd98    00000074     drivers_cc13x2.a : PowerCC26X2_calibrateRCOSC.oem4f (.text:PowerCC26X2_auxISR)
                  0000fe0c    00000074     rf_multiMode_cc13x2.aem4f : RFCC26X2_multiMode.c.cc13x2.ccs.o (.text:RF_yield)
                  0000fe80    00000074     drivers_cc13x2.a : TRNGCC26XX.oem4f (.text:TRNG_construct)
                  0000fef4    00000074     rom_sysbios.aem4f : rom_sysbios.obj (.text:ti_sysbios_gates_GateMutexPri_leave__E)
                  0000ff68    00000072     rf_multiMode_cc13x2.aem4f : RFCC26X2_multiMode.c.cc13x2.ccs.o (.text:RF_detachOverrides)
                  0000ffda    00000002     rom_sysbios.aem4f : rom_sysbios.obj (.text:ti_sysbios_heaps_HeapCallback_defaultDelete)
                  0000ffdc    00000070     drivers_cc13x2.a : AESCCMCC26XX.oem4f (.text:AESCCM_cleanup)
                  0001004c    00000070     rf_multiMode_cc13x2.aem4f : rfc.c.cc13x2.ccs.o (.text:NOROM_RFCAnaDivTxOverride)
                  000100bc    00000070     nvocmp.obj (.text:NVOCMP_eraseNvApi$14)
                  0001012c    00000070     drivers_cc13x2.a : PINCC26XX.oem4f (.text:PIN_add)
                  0001019c    00000070     rf_multiMode_cc13x2.aem4f : RFCC26X2_multiMode.c.cc13x2.ccs.o (.text:RF_ratDisableChannel)
                  0001020c    00000070     drivers_cc13x2.a : Random.oem4f (.text:Random_seedAutomatic)
                  0001027c    00000070     collector.obj (.text:cllcStartedCB$3)
                  000102ec    00000070     cllc.obj (.text:sendStartReq$5)
                  0001035c    0000006e     rf_multiMode_cc13x2.aem4f : RFCC26X2_multiMode.c.cc13x2.ccs.o (.text:RF_attachOverrides)
                  000103ca    0000006e                               : RFCC26X2_multiMode.c.cc13x2.ccs.o (.text:RF_howToSchedule)
                  00010438    0000006e     rtsv7M4_T_le_v4SPD16_eabi.lib : ll_div_t2.asm.obj (.text)
                  000104a6    00000002     rom_sysbios.aem4f : rom_sysbios.obj (.text:xdc_runtime_SysCallback_defaultAbort)
                  000104a8    0000006d                       : rom_sysbios.obj (.text:xdc_runtime_System_formatNum__I)
                  00010515    00000001     --HOLE-- [fill = 0]
                  00010516    00000002                       : rom_sysbios.obj (.text:xdc_runtime_SysCallback_defaultExit)
                  00010518    0000006c     csf.obj (.text:Csf_sendDisassociateMsg)
                  00010584    0000006c     driverlib.lib : chipinfo.obj (.text:NOROM_ChipInfo_GetChipType)
                  000105f0    0000006c     rf_multiMode_cc13x2.aem4f : RFCC26X2_multiMode.c.cc13x2.ccs.o (.text:RF_getCurrentTime)
                  0001065c    0000006c     maclib_secure_cc13x2.a : mac_radio_tx.obj (.text:macRadioTxBackoffBoundary)
                  000106c8    0000006c                            : mac_hl_patch.obj (.text:macTrackPeriodCallback)
                  00010734    0000006c                            : mac_tx.obj (.text:macTxDoneCallback)
                  000107a0    0000006c     collector.obj (.text:processIdentifyLedRequest$3)
                  0001080c    00000068     csf.obj (.text:Csf_getDeviceExtAdd)
                  00010874    00000068     driverlib.lib : osc.obj (.text:NOROM_OSCHF_SwitchToRcOscTurnOffXosc)
                  000108dc    00000068     nvocmp.obj (.text:NVOCMP_getFreeNvApi$14)
                  00010944    00000068     maclib_osal_tirtos_cc13x2_26x2.a : osal_port.obj (.text:OsalPort_registerTask)
                  000109ac    00000068     rf_multiMode_cc13x2.aem4f : RFCC26X2_multiMode.c.cc13x2.ccs.o (.text:RF_hwiHw)
                  00010a14    00000068     rtsv7M4_T_le_v4SPD16_eabi.lib : copy_decompress_lzss.c.obj (.text:decompress:lzss:__TI_decompress_lzss)
                  00010a7c    00000068     csf.obj (.text:findDeviceListIndex$4)
                  00010ae4    00000068     maclib_secure_cc13x2.a : mac_rx.obj (.text:macRxHaltCleanup)
                  00010b4c    00000068     cllc.obj (.text:orphanIndCb$5)
                  00010bb4    00000064     drivers_cc13x2.a : AESCCMCC26XX.oem4f (.text:AESCCM_waitForResult)
                  00010c18    00000064                      : Button.oem4f (.text:Button_gpioCallbackFxn)
                  00010c7c    00000064     nvocmp.obj (.text:NVOCMP_findSignature$14)
                  00010ce0    00000064     maclib_osal_tirtos_cc13x2_26x2.a : osal_port.obj (.text:OsalPort_clearEvent)
                  00010d44    00000064                                      : osal_port.obj (.text:OsalPort_pwrmgrTaskState)
                  00010da8    00000064     rf_multiMode_cc13x2.aem4f : RFCC26X2_multiMode.c.cc13x2.ccs.o (.text:RF_dispatchNextEvent)
                  00010e0c    00000064     drivers_cc13x2.a : UARTCC26XX.oem4f (.text:UARTCC26XX_control)
                  00010e70    00000064     csf.obj (.text:getTheFirstDevice$4)
                  00010ed4    00000064     maclib_secure_cc13x2.a : mac.obj (.text:macRequestBackoff)
                  00010f38    00000064                            : mac_timer.obj (.text:macSymbolTimerRolloverCallback)
                  00010f9c    00000064                            : mac_timer.obj (.text:macTimerAddTimer)
                  00011000    00000064     main.obj (.text:main)
                  00011064    00000062     ti_drivers_config.obj (.text:Board_sendExtFlashByte)
                  000110c6    00000062     rf_multiMode_cc13x2.aem4f : RFCC26X2_multiMode.c.cc13x2.ccs.o (.text:RF_syncCb)
                  00011128    00000062     drivers_cc13x2.a : UARTCC26XX.oem4f (.text:UARTCC26XX_swiIntFxn)
                  0001118a    00000002     rom_sysbios.aem4f : rom_sysbios.obj (.text:xdc_runtime_SysCallback_defaultFlush)
                  0001118c    00000060     drivers_cc13x2.a : AESCCMCC26XX.oem4f (.text:AESCCM_hwiFxn)
                  000111ec    00000060                      : CryptoResourceCC26XX.oem4f (.text:CryptoResourceCC26XX_constructRTOSObjects)
                  0001124c    00000060                      : GPIOCC26XX.oem4f (.text:GPIO_write)
                  000112ac    00000060     rf_multiMode_cc13x2.aem4f : RFCC26X2_multiMode.c.cc13x2.ccs.o (.text:RF_applyRfCorePatch)
                  0001130c    00000060     drivers_cc13x2.a : TRNGCC26XX.oem4f (.text:TRNGCC26XX_startTrng)
                  0001136c    00000060     maclib_secure_cc13x2.a : mac_radio.obj (.text:macGetRadioTxPowerReg)
                  000113cc    00000060                            : mac_timer.obj (.text:macTimerCancel)
                  0001142c    00000060                            : mac_timer.obj (.text:macTimerGetNextTimer)
                  0001148c    00000060     collector.obj (.text:orphanIndCb$3)
                  000114ec    00000060     collector.obj (.text:processDataRetry$3)
                  0001154c    00000060     cllc.obj (.text:sendScanReq$5)
                  000115ac    0000005e     api_mac.obj (.text:convertTxOptions)
                  0001160a    00000002     rom_sysbios.aem4f : rom_sysbios.obj (.text:xdc_runtime_SysCallback_defaultPutch)
                  0001160c    0000005c     nvocmp.obj (.text:NVOCMP_readItem$14)
                  00011668    0000005c     maclib_osal_tirtos_cc13x2_26x2.a : osal_port.obj (.text:OsalPort_msgReceive)
                  000116c4    0000005c                                      : osal_port.obj (.text:OsalPort_setEvent)
                  00011720    0000005c     drivers_cc13x2.a : PINCC26XX.oem4f (.text:PIN_remove)
                  0001177c    0000005c                      : NVSCC26XX.oem4f (.text:doErase)
                  000117d8    0000005c     maclib_secure_cc13x2.a : mac_hl_patch.obj (.text:macSetDefaultsByPatch)
                  00011834    0000005c     collector.obj (.text:sendBroadcastMsg$3)
                  00011890    0000005c     drivers_cc13x2.a : UARTCC26XX.oem4f (.text:startTxFifoEmptyClk)
                  000118ec    0000005c     app_pem4f.oem4f (.text:xdc_runtime_Startup_getState__I)
                  00011948    00000058     nvocmp.obj (.text:NVOCMP_getItemLenApi$14)
                  000119a0    00000058     drivers_cc13x2.a : PowerCC26X2_calibrateRCOSC.oem4f (.text:PowerCC26X2_initiateCalibration)
                  000119f8    00000058     rf_multiMode_cc13x2.aem4f : RFCC26X2_multiMode.c.cc13x2.ccs.o (.text:RF_TxPowerTable_findValue)
                  00011a50    00000058                               : RFCC26X2_multiMode.c.cc13x2.ccs.o (.text:RF_hwiCpe0PowerFsm)
                  00011aa8    00000058     drivers_cc13x2.a : TRNGCC26XX.oem4f (.text:TRNG_init)
                  00011b00    00000058     boot.aem4f : boot.oem4f (.text)
                  00011b58    00000058     maclib_secure_cc13x2.a : mac_radio_tx.obj (.text:macRadioTxRequestTxAck)
                  00011bb0    00000056     drivers_cc13x2.a : LED.oem4f (.text:LED_startBlinking)
                  00011c06    00000056     rf_multiMode_cc13x2.aem4f : RFCC26X2_multiMode.c.cc13x2.ccs.o (.text:RF_defaultSubmitPolicy)
                  00011c5c    00000054     drivers_cc13x2.a : AESCCMCC26XX.oem4f (.text:AESCCM_construct)
                  00011cb0    00000054     cllc.obj (.text:Cllc_addSecDevice)
                  00011d04    00000054     driverlib.lib : prcm.obj (.text:NOROM_PRCMPowerDomainsAllOff)
                  00011d58    00000054     nvocmp.obj (.text:NVOCMP_doNVCRC$14)
                  00011dac    00000054     drivers_cc13x2.a : NVSCC26XX.oem4f (.text:NVSCC26XX_init)
                  00011e00    00000054     rf_multiMode_cc13x2.aem4f : RFCC26X2_multiMode.c.cc13x2.ccs.o (.text:RF_fsmXOSCState)
                  00011e54    00000054     drivers_cc13x2.a : StructRingBuf.oem4f (.text:StructRingBuf_put)
                  00011ea8    00000054     dpl_cc13x2.a : SwiP_tirtos.oem4f (.text:SwiP_construct)
                  00011efc    00000054     maclib_secure_cc13x2.a : mac_hl_patch.obj (.text:macIncomingKeyUsagePolicyChecking)
                  00011f50    00000054                            : mac_radio.obj (.text:macRadioSetChannel)
                  00011fa4    00000054                            : mac_radio.obj (.text:macRadioSetChannelRx)
                  00011ff8    00000054                            : mac_tx.obj (.text:macTxAckReceivedCallback)
                  0001204c    00000054     api_mac.obj (.text:processScanCnf$8)
                  000120a0    00000054     csf.obj (.text:sendToggleAndUpdateUser$4)
                  000120f4    00000054     collector.obj (.text:sendTrackingRequest$3)
                  00012148    00000050     drivers_cc13x2.a : GPIOCC26XX.oem4f (.text:GPIO_enableInt)
                  00012198    00000050     nvocmp.obj (.text:NVOCMP_compactNvApi$14)
                  000121e8    00000050     drivers_cc13x2.a : TRNGCC26XX.oem4f (.text:TRNGCC26XX_waitForResult)
                  00012238    00000050                      : TemperatureCC26X2.oem4f (.text:degreesToCode)
                  00012288    00000050     maclib_secure_cc13x2.a : mac_sleep.obj (.text:macCanSleep)
                  000122d8    00000050                            : mac_radio.obj (.text:macRadioSetPanCoordinator)
                  00012328    00000050                            : mac_rx_onoff.obj (.text:macRxDisable)
                  00012378    00000050                            : mac_timer.obj (.text:macTimerStart)
                  000123c8    00000050     cllc.obj (.text:maintainAssocTable$5)
                  00012418    0000004c     cui.obj (.text:CUI_updateCursor$6)
                  00012464    0000004c     driverlib.lib : prcm.obj (.text:NOROM_PRCMPowerDomainsAllOn)
                  000124b0    0000004c     nvocmp.obj (.text:NVOCMP_setItemInactive$14)
                  000124fc    0000004c     maclib_osal_tirtos_cc13x2_26x2.a : osal_port.obj (.text:OsalPort_msgSend)
                  00012548    0000004c     rf_multiMode_cc13x2.aem4f : RFCC26X2_multiMode.c.cc13x2.ccs.o (.text:RF_wakeupNotification)
                  00012594    0000004c     drivers_cc13x2.a : StructRingBuf.oem4f (.text:StructRingBuf_get)
                  000125e0    0000004c                      : UARTCC26XX.oem4f (.text:UARTCC26XX_readCancel)
                  0001262c    0000004c     rtsv7M4_T_le_v4SPD16_eabi.lib : atoi.c.obj (.text:atoi)
                  00012678    0000004c                                   : cpy_tbl.c.obj (.text:copy_in)
                  000126c4    0000004c     maclib_secure_cc13x2.a : mac_radio_tx.obj (.text:macRadioTxHandleAck)
                  00012710    0000004c                            : mac.obj (.text:macSendFsCmd)
                  0001275c    0000004c     maclib_osal_tirtos_cc13x2_26x2.a : osal_port.obj (.text:osalHeapGetStatsFxn)
                  000127a8    00000048     ti_drivers_config.obj (.text:Board_wakeUpExtFlash)
                  000127f0    00000048     CC1352R1_LAUNCHXL_fxns.obj (.text:CC1352R1_LAUNCHXL_wakeUpExtFlash)
                  00012838    00000048     csf.obj (.text:Csf_getNumDeviceListEntries)
                  00012880    00000048     rf_multiMode_cc13x2.aem4f : rfc.c.cc13x2.ccs.o (.text:NOROM_RFCSynthPowerDown)
                  000128c8    00000048     nvocmp.obj (.text:NVOCMP_write$14)
                  00012910    00000048     drivers_cc13x2.a : NVS.oem4f (.text:NVS_open)
                  00012958    00000048                      : PINCC26XX.oem4f (.text:PIN_setOutputEnable)
                  000129a0    00000048                      : PowerCC26X2_calibrateRCOSC.oem4f (.text:PowerCC26X2_RCOSC_clockFunc)
                  000129e8    00000048                      : PowerCC26X2.oem4f (.text:PowerCC26XX_switchXOSC_HF)
                  00012a30    00000048     cui.obj (.text:UartReadCallback$6)
                  00012a78    00000048     maclib_osal_tirtos_cc13x2_26x2.a : util_timer.obj (.text:UtilTimer_construct)
                  00012ac0    00000048     drivers_cc13x2.a : NVSCC26XX.oem4f (.text:disableFlashCache)
                  00012b08    00000048     csf.obj (.text:formNwkAndUpdateUser$4)
                  00012b50    00000048     maclib_secure_cc13x2.a : mac_radio.obj (.text:macRadioNeedAdjustPower)
                  00012b98    00000048                            : mac_radio.obj (.text:macRadioStopScan)
                  00012be0    00000048                            : mac_timer.obj (.text:macTimerUpdActive)
                  00012c28    00000048     drivers_cc13x2.a : PowerCC26X2.oem4f (.text:switchXOSCHF)
                  00012c70    00000048     csf.obj (.text:uintToString$4)
                  00012cb8    00000048     drivers_cc13x2.a : UARTCC26XX.oem4f (.text:writeFinishedDoCallback)
                  00012d00    00000046                      : RingBuf.oem4f (.text:RingBuf_put)
                  00012d46    00000046     maclib_secure_cc13x2.a : mac_hl_patch.obj (.text:macDeviceDescriptorLookup)
                  00012d8c    00000044     cllc.obj (.text:Cllc_sendDisassociationRequest)
                  00012dd0    00000044     drivers_cc13x2.a : GPIOCC26XX.oem4f (.text:GPIO_disableInt)
                  00012e14    00000044     maclib_secure_cc13x2.a : mac_timer.obj (.text:MAC_PwrNextTimeout)
                  00012e58    00000044     driverlib.lib : chipinfo.obj (.text:NOROM_ChipInfo_GetHwRevision)
                  00012e9c    00000044     drivers_cc13x2.a : NVSCC26XX.oem4f (.text:NVSCC26XX_read)
                  00012ee0    00000044                      : PINCC26XX.oem4f (.text:PIN_swi)
                  00012f24    00000044                      : PWM.oem4f (.text:PWM_init)
                  00012f68    00000044                      : UART.oem4f (.text:UART_init)
                  00012fac    00000044     maclib_secure_cc13x2.a : mac_tx.obj (.text:macTxTimestampCallback)
                  00012ff0    00000042     api_mac.obj (.text:copyMacPanDescToApiMacPanDesc$8)
                  00013032    00000040     dpl_cc13x2.a : ClockP_tirtos.oem4f (.text:ClockP_construct)
                  00013072    00000002     --HOLE-- [fill = 0]
                  00013074    00000040                  : ClockP_tirtos.oem4f (.text:ClockP_create)
                  000130b4    00000040     csf.obj (.text:Csf_getNetworkInformation)
                  000130f4    00000040     driverlib.lib : osc.obj (.text:NOROM_OSC_HPOSCRelativeFrequencyOffsetGet)
                  00013134    00000040     maclib_osal_tirtos_cc13x2_26x2.a : osal_port.obj (.text:OsalPort_heapFree$41)
                  00013174    00000040     drivers_cc13x2.a : PWM.oem4f (.text:PWM_open)
                  000131b4    00000040                      : PowerCC26X2.oem4f (.text:PowerCC26XX_isStableXOSC_HF)
                  000131f4    00000040                      : Random.oem4f (.text:Random_getNumber)
                  00013234    00000040                      : RingBuf.oem4f (.text:RingBuf_get)
                  00013274    00000040                      : TRNGCC26XX.oem4f (.text:TRNGCC26XX_copyToClient)
                  000132b4    00000040                      : UART.oem4f (.text:UART_open)
                  000132f4    00000040     collector.obj (.text:cllcStateChangedCB$3)
                  00013334    00000040     rf_multiMode_cc13x2.aem4f : rf_patch_cpe_prop.c.cc13x2.ccs.o (.text:configurePropPatch)
                  00013374    00000040     maclib_secure_cc13x2.a : mac_low_level.obj (.text:macLowLevelYield)
                  000133b4    00000040                            : mac.obj (.text:macRatCb_B)
                  000133f4    00000040                            : mac_rx.obj (.text:macRxNokIsr)
                  00013434    00000040                            : mac_autopend.obj (.text:macSrcMatchSetEnableBit$17)
                  00013474    00000040                            : mac_symbol_timer.obj (.text:macSymbolTimerSetTrigger)
                  000134b4    00000040                            : mac_tx.obj (.text:macTxUpdateIE)
                  000134f4    00000040     rtsv7M4_T_le_v4SPD16_eabi.lib : u_divt2.asm.obj (.text)
                  00013534    00000040     drivers_cc13x2.a : TemperatureCC26X2.oem4f (.text:setNextThresholds)
                  00013574    00000040     rom_sysbios.aem4f : rom_sysbios.obj (.text:ti_sysbios_family_arm_cc26xx_Timer_setThreshold__I)
                  000135b4    00000040                       : rom_sysbios.obj (.text:ti_sysbios_heaps_HeapCallback_Module_startup__E)
                  000135f4    0000003e     dpl_cc13x2.a : HwiP_tirtos.oem4f (.text:HwiP_construct)
                  00013632    0000003e     drivers_cc13x2.a : LED.oem4f (.text:LED_setBrightnessLevel)
                  00013670    0000003e     maclib_osal_tirtos_cc13x2_26x2.a : osal_port.obj (.text:OsalPort_msgEnqueueMax)
                  000136ae    0000003e     drivers_cc13x2.a : LED.oem4f (.text:clockTimeoutHandler)
                  000136ec    0000003c                      : LED.oem4f (.text:LED_setOff)
                  00013728    0000003c     maclib_secure_cc13x2.a : mac_pwr.obj (.text:MAC_PwrOnReq)
                  00013764    0000003c     nvocmp.obj (.text:NVOCMP_disableCache$14)
                  000137a0    0000003c     drivers_cc13x2.a : PINCC26XX.oem4f (.text:PIN_setInterrupt)
                  000137dc    0000003c                      : PINCC26XX.oem4f (.text:PIN_setOutputValue)
                  00013818    0000003c     rf_multiMode_cc13x2.aem4f : RFCC26X2_multiMode.c.cc13x2.ccs.o (.text:RF_cmdGet)
                  00013854    0000003c                               : RFCC26X2_multiMode.c.cc13x2.ccs.o (.text:RF_cmdStoreEvents)
                  00013890    0000003c     cui.obj (.text:UartWriteCallback$6)
                  000138cc    0000003c     drivers_cc13x2.a : NVSCC26XX.oem4f (.text:checkEraseRange)
                  00013908    0000003c     collector.obj (.text:cllcDeviceJoiningCB$3)
                  00013944    0000003c     maclib_secure_cc13x2.a : mac_timer.obj (.text:macTimerRecalcUnaligned)
                  00013980    0000003c                            : mac_tx.obj (.text:macTxDecrypt)
                  000139bc    0000003c     rom_sysbios.aem4f : rom_sysbios.obj (.text:ti_sysbios_family_arm_m3_Hwi_construct2__E)
                  000139f8    00000038     ti_drivers_config.obj (.text:Board_shutDownExtFlash)
                  00013a30    00000038     cllc.obj (.text:Cllc_setJoinPermit)
                  00013a68    00000038     collector.obj (.text:Collector_sendDeviceTypeRequest)
                  00013aa0    00000038     collector.obj (.text:Collector_sendToggleLedRequest)
                  00013ad8    00000038     nvocmp.obj (.text:NVOCMP_findPage$14)
                  00013b10    00000038     drivers_cc13x2.a : PINCC26XX.oem4f (.text:PIN_setConfig)
                  00013b48    00000038     rf_multiMode_cc13x2.aem4f : RFCC26X2_multiMode.c.cc13x2.ccs.o (.text:RF_checkCmdFsError)
                  00013b80    00000038                               : RFCC26X2_multiMode.c.cc13x2.ccs.o (.text:RF_powerConstraintRelease)
                  00013bb8    00000038     collector.obj (.text:findDevice$3)
                  00013bf0    00000038     maclib_secure_cc13x2.a : mac_timer.obj (.text:macTimerAligned)
                  00013c28    00000038                            : mac_timer.obj (.text:macTimerInit)
                  00013c60    00000038                            : mac_tx.obj (.text:macTxAckNotReceivedCallback)
                  00013c98    00000038                            : mac_tx.obj (.text:macTxFrameIsr)
                  00013cd0    00000038     drivers_cc13x2.a : PowerCC26X2.oem4f (.text:notify)
                  00013d08    00000038                      : UARTCC26XX.oem4f (.text:readData)
                  00013d40    00000038     rom_sysbios.aem4f : rom_sysbios.obj (.text:ti_sysbios_family_arm_cc26xx_Timer_getCurrentTick__E)
                  00013d78    00000038     drivers_cc13x2.a : UARTCC26XX.oem4f (.text:writeData)
                  00013db0    00000036     api_mac.obj (.text:ApiMac_convertCapabilityInfo)
                  00013de6    00000036     drivers_cc13x2.a : LED.oem4f (.text:LED_setOn)
                  00013e1c    00000036     rom_sysbios.aem4f : rom_sysbios.obj (.text:ti_sysbios_family_arm_cc26xx_Timer_setNextTick__E)
                  00013e52    00000002     --HOLE-- [fill = 0]
                  00013e54    00000034     csf.obj (.text:Csf_setTrackingClock)
                  00013e88    00000034     driverlib.lib : sys_ctrl.obj (.text:NOROM_SysCtrlIdle)
                  00013ebc    00000034     nvocmp.obj (.text:NVOCMP_verifyCRC$14)
                  00013ef0    00000034     rf_multiMode_cc13x2.aem4f : RFCC26X2_multiMode.c.cc13x2.ccs.o (.text:RF_runDirectImmediateCmd)
                  00013f24    00000034     maclib_secure_cc13x2.a : mac_hl_patch.obj (.text:macCheckPhyRate)
                  00013f58    00000034                            : mac_low_level.obj (.text:macLowLevelDiags)
                  00013f8c    00000034                            : mac_radio.obj (.text:macRadioSetIEEEAddr)
                  00013fc0    00000034                            : mac.obj (.text:macRatDisableChannelB)
                  00013ff4    00000034                            : mac_symbol_timer.obj (.text:macSymbolTimerCount)
                  00014028    00000034     drivers_cc13x2.a : UARTCC26XX.oem4f (.text:readData2RingBuf)
                  0001405c    00000034     csf.obj (.text:saveNumDeviceListEntries$4)
                  00014090    00000034     rtsv7M4_T_le_v4SPD16_eabi.lib : strncpy.c.obj (.text:strncpy)
                  000140c4    00000034     rom_sysbios.aem4f : rom_sysbios.obj (.text:ti_sysbios_knl_Swi_setPri__E)
                  000140f8    00000034     drivers_cc13x2.a : TemperatureCC26X2.oem4f (.text:updateThresholds)
                  0001412c    00000032     maclib_osal_tirtos_cc13x2_26x2.a : osal_port.obj (.text:OsalPort_msgExtract)
                  0001415e    00000032     rom_sysbios.aem4f : rom_sysbios.obj (.text:ti_sysbios_gates_GateMutexPri_insertPri__I)
                  00014190    00000030     cllc.obj (.text:Cllc_getFormingPanId)
                  000141c0    00000030     csf.obj (.text:Csf_setConfigClock)
                  000141f0    00000030     drivers_cc13x2.a : GPIOCC26XX.oem4f (.text:GPIO_hwiIntFxn)
                  00014220    00000030                      : GPIOCC26XX.oem4f (.text:GPIO_setCallback)
                  00014250    00000030     nvocmp.obj (.text:NVOCMP_changePageState$14)
                  00014280    00000030     drivers_cc13x2.a : NVSCC26XX.oem4f (.text:NVSCC26XX_erase)
                  000142b0    00000030                      : PINCC26XX.oem4f (.text:PINCC26XX_setMux)
                  000142e0    00000030                      : PowerCC26X2.oem4f (.text:Power_releaseConstraint)
                  00014310    00000030                      : PowerCC26X2.oem4f (.text:Power_setConstraint)
                  00014340    00000030                      : TRNGCC26XX.oem4f (.text:TRNGCC26XX_fillEntropyPool)
                  00014370    00000030                      : TemperatureCC26X2.oem4f (.text:Temperature_unregisterNotify)
                  000143a0    00000030     collector.obj (.text:getMsduHandle$3)
                  000143d0    00000030     csf.obj (.text:getNumActiveDevices$4)
                  00014400    00000030     maclib_secure_cc13x2.a : mac_rx_onoff.obj (.text:macRxHardDisable)
                  00014430    00000030                            : mac_rx_onoff.obj (.text:macRxSoftDisable)
                  00014460    00000030                            : mac_symbol_timer.obj (.text:macSymbolTimerBCWakeUp)
[...]
20001604  Cllc_statistics                                                 
2000168c  Cllc_associatedDevList                                          
200018e4  RF_cmdNop                                                       
200018f4  RF_cmdNopFg                                                     
20001904  RF_cmdRxAckCmd                                                  
20001918  RF_cmdFsRx                                                      
20001930  RF_cmdFsTx                                                      
20001948  RF_cmdIEEETx                                                    
20001960  RF_cmdPropCs                                                    
2000197c  RF_cmdPropCsSlotted                                             
20001998  RF_cmdRadioSetup                                                
200019b8  RF_cmdIEEECsma                                                  
200019d8  RF_cmdPropTxAdv                                                 
200019f8  RF_cmdPropRadioDivSetup                                         
20001a28  RF_cmdPropRxAdv                                                 
20001a58  RF_cmdIEEERx                                                    
20001a95  savedCllcState                                                  
20001a96  permitJoining                                                   
20001a9c  Csf_events                                                      
20001acc  Csf_keys                                                        
20001ae0  csfCuiHndl                                                      
20001ae4  collectorStatusLine                                             
20001ae8  deviceStatusLine                                                
20001aec  numJoinDevStatusLine                                            
20001c44  taskCnt                                                         
20001c54  heapmgrMemFreeTotal                                             
20001c58  heapmgrMemFreeError                                             
20001c64  HEAPMGR_SIZE                                                    
20001c68  taskTbl                                                         
20001dd0  PowerCC26X2_module                                              
20001f40  ROM_stateStruct                                                 
20001f40  ti_sysbios_knl_Clock_Module__state__V                           
20001f6c  ti_sysbios_family_arm_cc26xx_TimestampProvider_Module__state__V 
20001f70  xdc_runtime_Startup_Module__state__V                            
20001f78  xdc_runtime_Registry_Module__state__V                           
20001f80  ti_sysbios_BIOS_Module__state__V                                
20001fa4  ti_sysbios_knl_Swi_Module__state__V                             
20001fc0  ti_sysbios_knl_Task_Module__state__V                            
20002004  xdc_runtime_Memory_Module__state__V                             
20002008  xdc_runtime_System_Module__state__V                             
20002010  ti_sysbios_family_arm_m3_Hwi_Module__state__V                   
20002044  ti_sysbios_family_arm_cc26xx_Timer_Module__state__V             
20002052  Collector_events                                                
2000208c  Collector_statistics                                            
200020c8  Collector_macCallbacks                                          
20002110  reqAccessAlloc                                                  
20002112  rxCmdHandle                                                     
20002118  macRfDrvTblPtr                                                  
2000211c  lastPostCmd                                                     
20002120  macSfdDetectCback                                               
20002124  macTxTimestamp                                                  
20002128  pMacRadioConfig                                                 
20002140  macRxOutputSubG                                                 
2000214c  macRxOutputIeee                                                 
2000215c  macFrmFilter                                                    
2000216c  macSrcShortAddrList                                             
20002188  macSrcExtAddrList                                               
200021b8  macMRFSKGenPhyTable                                             
2000225a  gAction                                                         
2000225b  NVOCMP_size                                                     
20002288  NVOCMP_nvHandle                                                 
200022d0  RF_prop_2gfsk50kbps154g                                         
200022e0  txPowerTable_868_pa13                                           
20002344  fhObject                                                        
200023b0  appSubMenu                                                      
20002408  FHIE_channelPlan                                                
2000245c  ti_sysbios_knl_Task_Object__table__V                            
200024a8  ti_sysbios_family_arm_cc26xx_Timer_Object__table__V             
200024f8  pRfMode                                                         
200024fc  pRfPowerTable                                                   
20002500  pMaxPower                                                       
20002504  RF_handle                                                       
20002508  macPhyTxPower                                                   
20002510  RF_params                                                       
20002530  commissionSubMenu                                               
20002570  configureSubMenu                                                
200025b0  csfMainMenu                                                     
200025f0  ti_sysbios_gates_GateMutex_Object__table__V                     
20002629  appTaskId                                                       
20002630  appEvents                                                       
20002638  ApiMac_extAddr                                                  
20002640  appSem                                                          
2000265c  macBeaconPayload                                                
20002690  pMacDataTx                                                      
20002694  macDataTxIndirect                                               
20002698  macDataRequeueIndirect                                          
2000269c  macDataRxBeaconCritical                                         
200026a0  macDataTxBeaconComplete                                         
200026a4  macDataSetSched                                                 
200026a8  macDataCheckSched                                               
200026ac  macDataCheckTxTime                                              
200026b0  macDataBeaconRequeue                                            
200026b4  csmPhy                                                          
200026b8  macTimerRollover                                                
200026bc  macTimerNewRollover                                             
200026c0  ti_sysbios_knl_Swi_Module_State_0_readyQ__A                     
200026f0  ti_sysbios_knl_Swi_Object__table__V                             
20002720  ti_sysbios_knl_Task_Module_State_0_readyQ__A                    
20002750  macSpecUsecsPerSymbol                                           
20002754  macPrevPeriodRatCount                                           
20002758  macSymbolTimerRollover                                          
2000275c  macSymbolTimerTrigger                                           
20002778  pOverrides_2gfsk50kbps154g                                      
200027a0  macTxSlottedDelayFactor                                         
200027a1  macTxType                                                       
200027a2  macTxBe                                                         
200027a3  macTxGpInterframeDelay                                          
200027a4  txAckReq                                                        
200027a7  txSeqn                                                          
200027a9  numTx                                                           
200027aa  macTxCsmaBackoffDelay                                           
200027ac  macCsmaRtcTimerId                                               
200027b0  macAckDbg                                                       
200027c4  _hposcCoeffs                                                    
200027e8  macActionSet                                                    
2000280c  macSrcMatchIsAckAllPending                                      
2000280d  macSrcResIndex                                                  
20002830  macBeaconMargin                                                 
20002850  ti_sysbios_knl_Clock_Object__table__V                           
20002870  xdc_runtime_Error_IgnoreBlock                                   
20002890  ti_sysbios_family_arm_m3_Hwi_Object__table__V                   
200028a8  txCmdHandle                                                     
200028aa  macRadioAckIeeeFrame                                            
200028b0  pMacEnhancedAck                                                 
200028b4  macRadioAckFrame                                                
200028bc  macStateTbl                                                     
200028e0  gpioCallbackFunctions                                           
200028f0  gpioPinConfigs                                                  
20002900  macCfg                                                          
20002910  lastRatChanA                                                    
20002911  lastRatChanB                                                    
20002912  macRxCmdActive                                                  
20002913  macTxCmdActive                                                  
20002914  macFsCmdActive                                                  
20002915  macRxPreempted                                                  
20002916  macReqAccessCnt                                                 
20002918  macReqAccessTimeCnt                                             
2000291a  macReqAccErrCnt                                                 
2000291c  numRfCmd                                                        
2000291d  numRxCmd                                                        
2000291e  numRxPostCmd                                                    
20002928  pClockHandleEDScan                                              
2000292c  FH_FSM                                                          
20002938  ti_sysbios_heaps_HeapCallback_Object__table__V                  
20002944  _lock                                                           
20002948  _unlock                                                         
2000294c  FH_txTiming                                                     
20002954  pinUpperBound                                                   
20002958  pinLowerBound                                                   
20002964  ti_sysbios_family_arm_m3_Hwi_Module__root__V                    
2000296c  ti_sysbios_gates_GateHwi_Module__root__V                        
20002974  ti_sysbios_gates_GateMutexPri_Module__root__V                   
2000297c  ti_sysbios_gates_GateMutex_Module__root__V                      
20002984  ti_sysbios_hal_Hwi_Module__root__V                              
2000298c  ti_sysbios_heaps_HeapCallback_Module__root__V                   
20002994  ti_sysbios_heaps_HeapMem_Module__root__V                        
2000299c  ti_sysbios_knl_Clock_Module__root__V                            
200029a4  ti_sysbios_knl_Event_Module__root__V                            
200029ac  ti_sysbios_knl_Mailbox_Module__root__V                          
200029b4  ti_sysbios_knl_Queue_Module__root__V                            
200029bc  ti_sysbios_knl_Semaphore_Module__root__V                        
200029c4  ti_sysbios_knl_Swi_Module__root__V                              
200029cc  ti_sysbios_knl_Task_Module__root__V                             
200029e4  macAddrSize                                                     
200029e8  macTasksEvents                                                  
200029ec  macTxSlottedDelay                                               
200029ed  bInSwi                                                          
200029ee  macSrcMatchIsEnabled                                            
200029ef  macRadioYielded                                                 
200029f0  errno                                                           
200029f4  main_func_sp                                                    
200029f8  ti_sysbios_family_arm_m3_Hwi_Module_State_0_excContext__A       
200029fc  ti_sysbios_family_arm_m3_Hwi_Module_State_0_excStack__A         
20002a00  ti_sysbios_knl_Task_Module_State_0_idleTask__A                  
20002a04  CryptoResourceCC26XX_pollingFlag                                
20002a08  ti_sysbios_family_arm_m3_Hwi_Module_State_0_excActive__A        
20002a0b  macSleepState                                                   
20002f00  ti_sysbios_knl_Task_Instance_State_0_stack__A                   
20003100  uartCC26XXObjects                                               
200032b4  enhancedAckBuf                                                  
200034a8  ti_sysbios_family_arm_m3_Hwi_dispatchTable                      
20003580  LEDObjects                                                      
20003638  FHPIB_db                                                        
200036c4  FH_hnd                                                          
2000374c  macPib                                                          
200037d4  pinHandleTable                                                  
20003850  FHNT_tableOpt                                                   
200038cc  macScan                                                         
20003970  ButtonObjects                                                   
200039c0  CryptoResourceCC26XX_accessSemaphore                            
20003a10  CryptoResourceCC26XX_operationSemaphore                         
20003a60  cuiMultiMenuData                                                
20003aac  FHFSM_Dbg                                                       
20003aee  driverlib_release_0_58048                                       
20003aef  macMgmt                                                         
20003af0  macSecurityPib                                                  
20003b30  macBeaconCoord                                                  
20003b6c  FHNT_hnd                                                        
20003ba4  macDeviceAction1                                                
20003c10  macBeaconDevice                                                 
20003c44  macMgmtAction1                                                  
20003c74  macCoord                                                        
20003ca0  macDevice                                                       
20003ccc  macRxFilter                                                     
20003ccd  rxPromiscuousMode                                               
20003cd0  rxSeqNum                                                        
20003cd8  macRxDataEntryOffset                                            
20003cdc  rxRadioBufferPtr                                                
20003cec  macRxDataEntryQueue                                             
20003d54  macBeacon                                                       
20003dc8  CryptoResourceCC26XX_hwi                                        
20003de4  macCoordAction2                                                 
20003e00  macReset                                                        
20003e1c  aesccmCC26XXObjects                                             
20003e34  macScanAction                                                   
20003e74  macDeviceAction2                                                
20003e88  macMgmtAction2                                                  
20003e9c  macBeaconDeviceAction                                           
20003eac  macCoordAction3                                                 
20003ebc  macData                                                         
20003ecc  macDataTxDelay                                                  
20003ef4  FH_PibTbl                                                       
20003f00  macMain                                                         
20003f1c  FHNT_tempTable                                                  
20003f24  macBeaconCoordAction1                                           
20003f2c  macCoordAction1                                                 
20003f34  FHNT_Dbg                                                        
20003f3a  macPanCoordinator                                               
20003f3b  macPhyChannel                                                   
20003f40  AESCCM_handle                                                   
20003f44  FH_test_var                                                     
20003f48  PowerCC26XX_swiKey                                              
20003f4c  PowerCC26XX_taskKey                                             
20003f50  macCryptoDrvTblPtr                                              
20003f54  macRxSymbol                                                     
20003f58  macTimerActive                                                  
20003f5c  nvsCC26XXObjects                                                
20003f60  timerAlignedQ                                                   
20003f64  timerUnalignedQ                                                 
20003f68  macPwr                                                          
20003f69  macRxActive                                                     
20003f6a  macRxEnableFlags                                                
20003f6b  macRxOutgoingAckFlag                                            
20003f6c  macSymbolTimerImpending                                         
20003f6d  macTaskId                                                       
20003f6e  macTxActive                                                     
20003f6f  macUnitBackoffPeriod                                            
20003f70  rxFhRsl                                                         
20003f71  heapStart                                                       
20013aa0  __stack                                                         
20013aa0  heapEnd                                                         
20014000  __STACK_END                                                     
20014000  __STACK_TOP                                                     
e000e000  ti_sysbios_family_arm_m3_Hwi_nvic                               
ffffffff  __TI_pprof_out_hndl                                             
ffffffff  __TI_prof_data_size                                             
ffffffff  __TI_prof_data_start                                            
ffffffff  __binit__                                                       
ffffffff  __c_args__                                                      
ffffffff  binit                                                           
UNDEFED   ITM_flush                                                       
UNDEFED   ITM_restore                                                     
UNDEFED   PWM_config                                                      
UNDEFED   PWM_count                                                       
UNDEFED   SHT$$INIT_ARRAY$$Base                                           
UNDEFED   SHT$$INIT_ARRAY$$Limit                                          

[1883 symbols]
